Component: ARM Compiler 5.06 update 4 (build 422) Tool: armlink [4d35d2]

==============================================================================

Section Cross References

    main.o(i.main) refers to all_init.o(i.All_Init) for All_Init
    main.o(i.main) refers to drv_timer.o(i.dev_SysTick_init) for dev_SysTick_init
    main.o(i.main) refers to stm32f4xx_tim.o(i.TIM_SetCompare1) for TIM_SetCompare1
    main.o(i.main) refers to stm32f4xx_tim.o(i.TIM_SetCompare2) for TIM_SetCompare2
    main.o(i.main) refers to delay.o(i.delay_ms) for delay_ms
    main.o(i.main) refers to usart5.o(i.printf_s) for printf_s
    main.o(i.main) refers to gen_scheduler.o(i.Scheduler_Run) for Scheduler_Run
    main.o(i.main) refers to gen_structconfig.o(.bss) for flag
    system_stm32f4xx.o(i.SystemCoreClockUpdate) refers to system_stm32f4xx.o(.data) for SystemCoreClock
    system_stm32f4xx.o(i.SystemInit) refers to system_stm32f4xx.o(i.SetSysClock) for SetSysClock
    alg_dsp.o(i.FxedPosition) refers to gen_structconfig.o(.data) for basePoint
    alg_dsp.o(i.FxedPosition) refers to gen_structconfig.o(.bss) for ballPoint
    alg_dsp.o(i.ImageBinarization) refers to alg_dsp.o(i.my_Otsu) for my_Otsu
    alg_pid.o(i.pid_pitch_p) refers to dadd.o(.text) for __aeabi_dsub
    alg_pid.o(i.pid_pitch_p) refers to dmul.o(.text) for __aeabi_dmul
    alg_pid.o(i.pid_pitch_p) refers to cdrcmple.o(.text) for __aeabi_cdrcmple
    alg_pid.o(i.pid_pitch_p) refers to cdcmple.o(.text) for __aeabi_cdcmple
    alg_pid.o(i.pid_pitch_p) refers to gen_structconfig.o(.bss) for AllPidParameter
    alg_pid.o(i.pid_pitch_p) refers to usart5.o(.bss) for k
    alg_pid.o(i.pid_roll_p) refers to dadd.o(.text) for __aeabi_dsub
    alg_pid.o(i.pid_roll_p) refers to dmul.o(.text) for __aeabi_dmul
    alg_pid.o(i.pid_roll_p) refers to cdcmple.o(.text) for __aeabi_cdcmple
    alg_pid.o(i.pid_roll_p) refers to cdrcmple.o(.text) for __aeabi_cdrcmple
    alg_pid.o(i.pid_roll_p) refers to gen_structconfig.o(.bss) for AllPidParameter
    alg_pid.o(i.pid_roll_p) refers to usart5.o(.bss) for k
    alg_pid.o(i.pit_pitct_v) refers to cdrcmple.o(.text) for __aeabi_cdrcmple
    alg_pid.o(i.pit_pitct_v) refers to dadd.o(.text) for __aeabi_dadd
    alg_pid.o(i.pit_pitct_v) refers to cdcmple.o(.text) for __aeabi_cdcmple
    alg_pid.o(i.pit_pitct_v) refers to dmul.o(.text) for __aeabi_dmul
    alg_pid.o(i.pit_pitct_v) refers to usart5.o(.bss) for k
    alg_pid.o(i.pit_pitct_v) refers to gen_structconfig.o(.bss) for AllPidParameter
    alg_pid.o(i.pit_pitct_v) refers to gen_scheduler.o(.data) for vY
    alg_pid.o(i.pit_roll_v) refers to cdrcmple.o(.text) for __aeabi_cdrcmple
    alg_pid.o(i.pit_roll_v) refers to dadd.o(.text) for __aeabi_dadd
    alg_pid.o(i.pit_roll_v) refers to dmul.o(.text) for __aeabi_dmul
    alg_pid.o(i.pit_roll_v) refers to cdcmple.o(.text) for __aeabi_cdcmple
    alg_pid.o(i.pit_roll_v) refers to usart5.o(.bss) for k
    alg_pid.o(i.pit_roll_v) refers to gen_structconfig.o(.bss) for AllPidParameter
    alg_pid.o(i.pit_roll_v) refers to gen_scheduler.o(.data) for vX
    alg_control.o(i.Control_five) refers to dflti.o(.text) for __aeabi_i2d
    alg_control.o(i.Control_five) refers to alg_control.o(i.Control_pitch) for Control_pitch
    alg_control.o(i.Control_five) refers to alg_control.o(i.Control_roll) for Control_roll
    alg_control.o(i.Control_five) refers to alg_pid.o(.data) for V0
    alg_control.o(i.Control_five) refers to gen_structconfig.o(.bss) for Target_Position
    alg_control.o(i.Control_pitch) refers to alg_pid.o(i.pid_pitch_p) for pid_pitch_p
    alg_control.o(i.Control_pitch) refers to alg_pid.o(i.pit_pitct_v) for pit_pitct_v
    alg_control.o(i.Control_pitch) refers to alg_control.o(i.Motor_pitch) for Motor_pitch
    alg_control.o(i.Control_roll) refers to alg_pid.o(i.pid_roll_p) for pid_roll_p
    alg_control.o(i.Control_roll) refers to alg_pid.o(i.pit_roll_v) for pit_roll_v
    alg_control.o(i.Control_roll) refers to alg_control.o(i.Motor_roll) for Motor_roll
    alg_control.o(i.Main_Contriller) refers to alg_control.o(i.Position_Controller) for Position_Controller
    alg_control.o(i.Mode_Contriller) refers to alg_control.o(i.thoose) for thoose
    alg_control.o(i.Mode_Contriller) refers to lcd_hz.o(.data) for KEY_QUE
    alg_control.o(i.Mode_Contriller) refers to gen_structconfig.o(.bss) for Target_Position
    alg_control.o(i.Mode_Contriller) refers to alg_control.o(.data) for po
    alg_control.o(i.Motor_pitch) refers to cdrcmple.o(.text) for __aeabi_cdrcmple
    alg_control.o(i.Motor_pitch) refers to dfixi.o(.text) for __aeabi_d2iz
    alg_control.o(i.Motor_pitch) refers to stm32f4xx_tim.o(i.TIM_SetCompare2) for TIM_SetCompare2
    alg_control.o(i.Motor_pitch) refers to cdcmple.o(.text) for __aeabi_cdcmple
    alg_control.o(i.Motor_pitch) refers to usart5.o(.bss) for k
    alg_control.o(i.Motor_roll) refers to cdrcmple.o(.text) for __aeabi_cdrcmple
    alg_control.o(i.Motor_roll) refers to dfixi.o(.text) for __aeabi_d2iz
[...]
    i.CHeck                                  0x08000f78   Section        0  usart3.o(i.CHeck)
    i.Control_pitch                          0x080010d8   Section        0  alg_control.o(i.Control_pitch)
    i.Control_roll                           0x08001140   Section        0  alg_control.o(i.Control_roll)
    i.DataScope_Data_Generate                0x080011a8   Section        0  datascope_dp.o(i.DataScope_Data_Generate)
    i.DataScope_Get_Channel_Data             0x08001240   Section        0  datascope_dp.o(i.DataScope_Get_Channel_Data)
    i.DebugMon_Handler                       0x080012e8   Section        0  stm32f4xx_it.o(i.DebugMon_Handler)
    i.FSMC_NORSRAMCmd                        0x080012ec   Section        0  stm32f4xx_fsmc.o(i.FSMC_NORSRAMCmd)
    i.FSMC_NORSRAMInit                       0x08001320   Section        0  stm32f4xx_fsmc.o(i.FSMC_NORSRAMInit)
    i.Float2Byte                             0x08001406   Section        0  datascope_dp.o(i.Float2Byte)
    i.GPIO_Init                              0x08001422   Section        0  stm32f4xx_gpio.o(i.GPIO_Init)
    i.GPIO_PinAFConfig                       0x080014b2   Section        0  stm32f4xx_gpio.o(i.GPIO_PinAFConfig)
    i.GPIO_ResetBits                         0x080014f8   Section        0  stm32f4xx_gpio.o(i.GPIO_ResetBits)
    i.GPIO_SetBits                           0x080014fc   Section        0  stm32f4xx_gpio.o(i.GPIO_SetBits)
    i.GetTimingTick                          0x08001500   Section        0  drv_timer.o(i.GetTimingTick)
    i.HardFault_Handler                      0x0800150c   Section        0  stm32f4xx_it.o(i.HardFault_Handler)
    i.KEY_Init                               0x08001510   Section        0  drv_key.o(i.KEY_Init)
    i.LCD_AUTOScan_Dir                       0x08001540   Section        0  drv_lcd.o(i.LCD_AUTOScan_Dir)
    i.LCD_Clear                              0x080016b8   Section        0  drv_lcd.o(i.LCD_Clear)
    i.LCD_Color_DrawPoint                    0x080016f4   Section        0  drv_lcd.o(i.LCD_Color_DrawPoint)
    i.LCD_DisplayChar                        0x08001780   Section        0  drv_lcd.o(i.LCD_DisplayChar)
    i.LCD_DisplayNum                         0x08001884   Section        0  drv_lcd.o(i.LCD_DisplayNum)
    i.LCD_Display_Dir                        0x08001930   Section        0  drv_lcd.o(i.LCD_Display_Dir)
    i.LCD_FSMC_Config                        0x080019e8   Section        0  drv_lcd.o(i.LCD_FSMC_Config)
    i.LCD_Init                               0x08001c0c   Section        0  drv_lcd.o(i.LCD_Init)
    i.LCD_Pow                                0x08002270   Section        0  drv_lcd.o(i.LCD_Pow)
    i.LCD_ReadReg                            0x08002288   Section        0  drv_lcd.o(i.LCD_ReadReg)
    i.LCD_SetCursor                          0x080022a4   Section        0  drv_lcd.o(i.LCD_SetCursor)
    i.LCD_WriteRAM_Prepare                   0x0800231c   Section        0  drv_lcd.o(i.LCD_WriteRAM_Prepare)
    i.LCD_WriteReg                           0x08002330   Section        0  drv_lcd.o(i.LCD_WriteReg)
    i.LED_Init                               0x08002340   Section        0  drv_led.o(i.LED_Init)
    i.Loop_300Hz                             0x08002380   Section        0  gen_scheduler.o(i.Loop_300Hz)
    Loop_300Hz                               0x08002381   Thumb Code   412  gen_scheduler.o(i.Loop_300Hz)
    i.Loop_30Hz                              0x08002540   Section        0  gen_scheduler.o(i.Loop_30Hz)
    Loop_30Hz                                0x08002541   Thumb Code   152  gen_scheduler.o(i.Loop_30Hz)
    i.Loop_500Hz                             0x080025dc   Section        0  gen_scheduler.o(i.Loop_500Hz)
    Loop_500Hz                               0x080025dd   Thumb Code    18  gen_scheduler.o(i.Loop_500Hz)
    i.Loop_50Hz                              0x080025f4   Section        0  gen_scheduler.o(i.Loop_50Hz)
    Loop_50Hz                                0x080025f5   Thumb Code   352  gen_scheduler.o(i.Loop_50Hz)
    i.Main_Contriller                        0x08002770   Section        0  alg_control.o(i.Main_Contriller)
    i.MemManage_Handler                      0x08002778   Section        0  stm32f4xx_it.o(i.MemManage_Handler)
    i.Motor_pitch                            0x0800277c   Section        0  alg_control.o(i.Motor_pitch)
    i.Motor_roll                             0x08002828   Section        0  alg_control.o(i.Motor_roll)
    i.NMI_Handler                            0x080028d4   Section        0  stm32f4xx_it.o(i.NMI_Handler)
    i.NVIC_Init                              0x080028d8   Section        0  misc.o(i.NVIC_Init)
    i.NVIC_PriorityGroupConfig               0x08002950   Section        0  misc.o(i.NVIC_PriorityGroupConfig)
    i.PendSV_Handler                         0x08002964   Section        0  stm32f4xx_it.o(i.PendSV_Handler)
    i.Position_Controller                    0x08002968   Section        0  alg_control.o(i.Position_Controller)
    i.RCC_AHB1PeriphClockCmd                 0x080029a8   Section        0  stm32f4xx_rcc.o(i.RCC_AHB1PeriphClockCmd)
    i.RCC_AHB3PeriphClockCmd                 0x080029c8   Section        0  stm32f4xx_rcc.o(i.RCC_AHB3PeriphClockCmd)
    i.RCC_APB1PeriphClockCmd                 0x080029e8   Section        0  stm32f4xx_rcc.o(i.RCC_APB1PeriphClockCmd)
    i.RCC_APB2PeriphClockCmd                 0x08002a08   Section        0  stm32f4xx_rcc.o(i.RCC_APB2PeriphClockCmd)
    i.RCC_APB2PeriphResetCmd                 0x08002a28   Section        0  stm32f4xx_rcc.o(i.RCC_APB2PeriphResetCmd)
    i.RCC_GetClocksFreq                      0x08002a48   Section        0  stm32f4xx_rcc.o(i.RCC_GetClocksFreq)
    i.SPI1_Init                              0x08002b30   Section        0  spi.o(i.SPI1_Init)
    i.SPI1_ReadWriteByte                     0x08002bf4   Section        0  spi.o(i.SPI1_ReadWriteByte)
    i.SPI1_Setclock                          0x08002c44   Section        0  spi.o(i.SPI1_Setclock)
    i.SPI_Cmd                                0x08002c6c   Section        0  stm32f4xx_spi.o(i.SPI_Cmd)
    i.SPI_I2S_GetFlagStatus                  0x08002c84   Section        0  stm32f4xx_spi.o(i.SPI_I2S_GetFlagStatus)
    i.SPI_I2S_ReceiveData                    0x08002c96   Section        0  stm32f4xx_spi.o(i.SPI_I2S_ReceiveData)
    i.SPI_I2S_SendData                       0x08002c9c   Section        0  stm32f4xx_spi.o(i.SPI_I2S_SendData)
    i.SPI_Init                               0x08002ca0   Section        0  stm32f4xx_spi.o(i.SPI_Init)
    i.SVC_Handler                            0x08002cdc   Section        0  stm32f4xx_it.o(i.SVC_Handler)
    i.Scheduler_Run                          0x08002ce0   Section        0  gen_scheduler.o(i.Scheduler_Run)
    i.SetSysClock                            0x08002d34   Section        0  system_stm32f4xx.o(i.SetSysClock)
    SetSysClock                              0x08002d35   Thumb Code   220  system_stm32f4xx.o(i.SetSysClock)
    i.Set_angle                              0x08002e20   Section        0  all_init.o(i.Set_angle)
    i.Set_pidPar_pitch_v                     0x08002e38   Section        0  all_init.o(i.Set_pidPar_pitch_v)
    i.Set_pidPar_roll_p                      0x08002e6c   Section        0  all_init.o(i.Set_pidPar_roll_p)
    i.Set_pidPar_roll_v                      0x08002e88   Section        0  all_init.o(i.Set_pidPar_roll_v)
    i.Set_pidParv_pitch_p                    0x08002ea4   Section        0  all_init.o(i.Set_pidParv_pitch_p)
    i.SysTick_CLKSourceConfig                0x08002ed8   Section        0  misc.o(i.SysTick_CLKSourceConfig)
    i.SysTick_Handler                        0x08002f00   Section        0  stm32f4xx_it.o(i.SysTick_Handler)
    i.SystemInit                             0x08002f04   Section        0  system_stm32f4xx.o(i.SystemInit)
    i.TIM3_PWM_Init                          0x08002f6c   Section        0  drv_pwm.o(i.TIM3_PWM_Init)
    i.TIM4_IRQHandler                        0x0800305c   Section        0  usmart.o(i.TIM4_IRQHandler)
    i.TIM_ARRPreloadConfig                   0x08003094   Section        0  stm32f4xx_tim.o(i.TIM_ARRPreloadConfig)
    i.TIM_ClearFlag                          0x080030ac   Section        0  stm32f4xx_tim.o(i.TIM_ClearFlag)
    i.TIM_ClearITPendingBit                  0x080030b2   Section        0  stm32f4xx_tim.o(i.TIM_ClearITPendingBit)
    i.TIM_Cmd                                0x080030b8   Section        0  stm32f4xx_tim.o(i.TIM_Cmd)
    i.TIM_GetCounter                         0x080030d0   Section        0  stm32f4xx_tim.o(i.TIM_GetCounter)
    i.TIM_GetFlagStatus                      0x080030d6   Section        0  stm32f4xx_tim.o(i.TIM_GetFlagStatus)
    i.TIM_GetITStatus                        0x080030e8   Section        0  stm32f4xx_tim.o(i.TIM_GetITStatus)
    i.TIM_ITConfig                           0x0800310a   Section        0  stm32f4xx_tim.o(i.TIM_ITConfig)
    i.TIM_OC1Init                            0x0800311c   Section        0  stm32f4xx_tim.o(i.TIM_OC1Init)
    i.TIM_OC1PreloadConfig                   0x08003198   Section        0  stm32f4xx_tim.o(i.TIM_OC1PreloadConfig)
    i.TIM_OC2Init                            0x080031ac   Section        0  stm32f4xx_tim.o(i.TIM_OC2Init)
    i.TIM_OC2PreloadConfig                   0x08003250   Section        0  stm32f4xx_tim.o(i.TIM_OC2PreloadConfig)
    i.TIM_OC3Init                            0x0800326c   Section        0  stm32f4xx_tim.o(i.TIM_OC3Init)
    i.TIM_OC3PreloadConfig                   0x0800330c   Section        0  stm32f4xx_tim.o(i.TIM_OC3PreloadConfig)
    i.TIM_OC4Init                            0x08003320   Section        0  stm32f4xx_tim.o(i.TIM_OC4Init)
    i.TIM_OC4PreloadConfig                   0x08003398   Section        0  stm32f4xx_tim.o(i.TIM_OC4PreloadConfig)
    i.TIM_SetAutoreload                      0x080033b2   Section        0  stm32f4xx_tim.o(i.TIM_SetAutoreload)
    i.TIM_SetCompare1                        0x080033b6   Section        0  stm32f4xx_tim.o(i.TIM_SetCompare1)
    i.TIM_SetCompare2                        0x080033ba   Section        0  stm32f4xx_tim.o(i.TIM_SetCompare2)
    i.TIM_SetCounter                         0x080033be   Section        0  stm32f4xx_tim.o(i.TIM_SetCounter)
    i.TIM_TimeBaseInit                       0x080033c4   Section        0  stm32f4xx_tim.o(i.TIM_TimeBaseInit)
    i.Task_SysTick                           0x08003448   Section        0  drv_timer.o(i.Task_SysTick)
    i.Timer4_Init                            0x08003798   Section        0  usmart.o(i.Timer4_Init)
    i.UART5_IRQHandler                       0x080037f4   Section        0  usart5.o(i.UART5_IRQHandler)
    i.USART1_IRQHandler                      0x080039c8   Section        0  usart.o(i.USART1_IRQHandler)
    i.USART3_IRQHandler                      0x08003a50   Section        0  usart3_it.o(i.USART3_IRQHandler)
    i.USART_ClearFlag                        0x08003bdc   Section        0  stm32f4xx_usart.o(i.USART_ClearFlag)
    i.USART_Cmd                              0x08003bee   Section        0  stm32f4xx_usart.o(i.USART_Cmd)
    i.USART_GetFlagStatus                    0x08003c06   Section        0  stm32f4xx_usart.o(i.USART_GetFlagStatus)
    i.USART_GetITStatus                      0x08003c20   Section        0  stm32f4xx_usart.o(i.USART_GetITStatus)
    i.USART_ITConfig                         0x08003c74   Section        0  stm32f4xx_usart.o(i.USART_ITConfig)
    i.USART_Init                             0x08003cc0   Section        0  stm32f4xx_usart.o(i.USART_Init)
    i.USART_ReceiveData                      0x08003d94   Section        0  stm32f4xx_usart.o(i.USART_ReceiveData)
    i.USART_Send                             0x08003d9e   Section        0  usart3.o(i.USART_Send)
    i.USART_SendData                         0x08003dcc   Section        0  stm32f4xx_usart.o(i.USART_SendData)
    i.USART_send_byte                        0x08003dd4   Section        0  usart3.o(i.USART_send_byte)
    i.UsageFault_Handler                     0x08003df4   Section        0  stm32f4xx_it.o(i.UsageFault_Handler)
    i.W25QXX_Init                            0x08003df8   Section        0  w25qxx.o(i.W25QXX_Init)
    i.W25QXX_ReadID                          0x08003e50   Section        0  w25qxx.o(i.W25QXX_ReadID)
    i.__0printf$8                            0x08003e98   Section        0  printf8.o(i.__0printf$8)
    i.__hardfp_atof                          0x08003eb8   Section        0  atof.o(i.__hardfp_atof)
    i.__read_errno                           0x08003ef0   Section        0  errno.o(i.__read_errno)
    i.__scatterload_copy                     0x08003efc   Section       14  handlers.o(i.__scatterload_copy)
    i.__scatterload_null                     0x08003f0a   Section        2  handlers.o(i.__scatterload_null)
    i.__scatterload_zeroinit                 0x08003f0c   Section       14  handlers.o(i.__scatterload_zeroinit)
    i.__set_errno                            0x08003f1c   Section        0  errno.o(i.__set_errno)
    i._is_digit                              0x08003f28   Section        0  scanf_fp.o(i._is_digit)
    i._printf_core                           0x08003f38   Section        0  printf8.o(i._printf_core)
    _printf_core                             0x08003f39   Thumb Code   996  printf8.o(i._printf_core)
    i._printf_post_padding                   0x08004348   Section        0  printf8.o(i._printf_post_padding)
    _printf_post_padding                     0x08004349   Thumb Code    36  printf8.o(i._printf_post_padding)
    i._printf_pre_padding                    0x0800436c   Section        0  printf8.o(i._printf_pre_padding)
    _printf_pre_padding                      0x0800436d   Thumb Code    46  printf8.o(i._printf_pre_padding)
    i.delay_init                             0x0800439c   Section        0  delay.o(i.delay_init)
    i.delay_ms                               0x080043d8   Section        0  delay.o(i.delay_ms)
    i.delay_us                               0x08004410   Section        0  delay.o(i.delay_us)
    i.delay_xms                              0x0800445c   Section        0  delay.o(i.delay_xms)
    i.dev_SysTick_init                       0x080044a8   Section        0  drv_timer.o(i.dev_SysTick_init)
    i.fputc                                  0x080044e8   Section        0  usart.o(i.fputc)
    i.m_pow                                  0x08004504   Section        0  usart5.o(i.m_pow)
    m_pow                                    0x08004505   Thumb Code    20  usart5.o(i.m_pow)
    i.main                                   0x08004518   Section        0  main.o(i.main)
    i.mode                                   0x08004568   Section        0  alg_control.o(i.mode)
    i.pid_pitch_p                            0x08004614   Section        0  alg_pid.o(i.pid_pitch_p)
    i.pid_roll_p                             0x08004810   Section        0  alg_pid.o(i.pid_roll_p)
    i.pit_pitct_v                            0x080049f4   Section        0  alg_pid.o(i.pit_pitct_v)
    i.pit_roll_v                             0x08004ba4   Section        0  alg_pid.o(i.pit_roll_v)
    i.printf_s                               0x08004d28   Section        0  usart5.o(i.printf_s)
    i.put_s                                  0x08004e9c   Section        0  usart5.o(i.put_s)
    i.putchar_s                              0x08004eb4   Section        0  usart5.o(i.putchar_s)
    i.pwm_out1                               0x08004ed4   Section        0  drv_pwm.o(i.pwm_out1)
    i.read_addr                              0x08004f04   Section        0  usmart.o(i.read_addr)
    i.send_out                               0x08004f0a   Section        0  usart3.o(i.send_out)
    i.str_cut                                0x08004f84   Section        0  usart5.o(i.str_cut)
    i.uart2_init                             0x0800507c   Section        0  usart2.o(i.uart2_init)
    i.uart5_init                             0x08005100   Section        0  usart5.o(i.uart5_init)
    i.uart_init                              0x080051c8   Section        0  usart.o(i.uart_init)
    i.usmart_cmd_rec                         0x08005274   Section        0  usmart.o(i.usmart_cmd_rec)
    i.usmart_exe                             0x08005324   Section        0  usmart.o(i.usmart_exe)
    i.usmart_get_aparm                       0x080055f8   Section        0  usmart_str.o(i.usmart_get_aparm)
    i.usmart_get_cmdname                     0x080056c0   Section        0  usmart_str.o(i.usmart_get_cmdname)
    i.usmart_get_fname                       0x080056f8   Section        0  usmart_str.o(i.usmart_get_fname)
    i.usmart_get_fparam                      0x080058b8   Section        0  usmart_str.o(i.usmart_get_fparam)
    i.usmart_get_parmpos                     0x080059c4   Section        0  usmart_str.o(i.usmart_get_parmpos)
    i.usmart_get_runtime                     0x080059e4   Section        0  usmart.o(i.usmart_get_runtime)
    i.usmart_init                            0x08005a28   Section        0  usmart.o(i.usmart_init)
    i.usmart_pow                             0x08005a50   Section        0  usmart_str.o(i.usmart_pow)
    i.usmart_reset_runtime                   0x08005a68   Section        0  usmart.o(i.usmart_reset_runtime)
    i.usmart_scan                            0x08005a98   Section        0  usmart.o(i.usmart_scan)
    i.usmart_search_nextc                    0x08005b54   Section        0  usmart_str.o(i.usmart_search_nextc)
    i.usmart_str2num                         0x08005b6a   Section        0  usmart_str.o(i.usmart_str2num)
    i.usmart_strcmp                          0x08005c34   Section        0  usmart_str.o(i.usmart_strcmp)
    i.usmart_strcopy                         0x08005c56   Section        0  usmart_str.o(i.usmart_strcopy)
    i.usmart_strlen                          0x08005c6c   Section        0  usmart_str.o(i.usmart_strlen)
    i.usmart_sys_cmd_exe                     0x08005c84   Section        0  usmart.o(i.usmart_sys_cmd_exe)
    i.write_addr                             0x08006368   Section        0  usmart.o(i.write_addr)
    .constdata                               0x0800636c   Section     6080  drv_lcd.o(.constdata)
    .constdata                               0x08007b2c   Section       64  ctype_c.o(.constdata)
    .conststring                             0x08007b6c   Section       40  usmart.o(.conststring)
    .conststring                             0x08007b94   Section      377  usmart_config.o(.conststring)
    .data                                    0x20000000   Section      106  gen_scheduler.o(.data)
    sched_tasks                              0x2000002c   Data          60  gen_scheduler.o(.data)
    i                                        0x20000068   Data           1  gen_scheduler.o(.data)
    Send_Count                               0x20000069   Data           1  gen_scheduler.o(.data)
    .data                                    0x20000070   Section      118  gen_structconfig.o(.data)
    .data                                    0x200000e8   Section        8  drv_timer.o(.data)
    .data                                    0x200000f0   Section       18  drv_lcd.o(.data)
    .data                                    0x20000102   Section        2  w25qxx.o(.data)
    .data                                    0x20000104   Section       16  stm32f4xx_rcc.o(.data)
    APBAHBPrescTable                         0x20000104   Data          16  stm32f4xx_rcc.o(.data)
    .data                                    0x20000114   Section        4  delay.o(.data)
    fac_us                                   0x20000114   Data           1  delay.o(.data)
    fac_ms                                   0x20000116   Data           2  delay.o(.data)
    .data                                    0x20000118   Section        6  usart.o(.data)
    .data                                    0x2000011e   Section       29  usart3.o(.data)
    .data                                    0x2000013b   Section        1  usart3_it.o(.data)
    i                                        0x2000013b   Data           1  usart3_it.o(.data)
    .data                                    0x2000013c   Section       12  usart5.o(.data)
    t                                        0x2000013c   Data           4  usart5.o(.data)
    state                                    0x20000140   Data           2  usart5.o(.data)
    i                                        0x20000144   Data           4  usart5.o(.data)
    .data                                    0x20000148   Section       28  usmart.o(.data)
    .data                                    0x20000164   Section      324  usmart_config.o(.data)
    .data                                    0x200002a8   Section        4  errno.o(.data)
    _errno                                   0x200002a8   Data           4  errno.o(.data)
    .bss                                     0x200002b0   Section       64  gen_scheduler.o(.bss)
    v_y                                      0x200002b0   Data          32  gen_scheduler.o(.bss)
    v_x                                      0x200002d0   Data          32  gen_scheduler.o(.bss)
    .bss                                     0x200002f0   Section      481  gen_structconfig.o(.bss)
    .bss                                     0x200004d1   Section       42  datascope_dp.o(.bss)
    .bss                                     0x200004fb   Section      200  usart.o(.bss)
    .bss                                     0x200005c3   Section        9  usart3.o(.bss)
    .bss                                     0x200005cc   Section       13  usart3_it.o(.bss)
    rebuf                                    0x200005cc   Data          13  usart3_it.o(.bss)
    .bss                                     0x200005e0   Section     1456  usart5.o(.bss)
    u                                        0x20000600   Data        1401  usart5.o(.bss)
    last                                     0x20000b80   Data          16  usart5.o(.bss)
    STACK                                    0x20000b90   Section     1024  startup_stm32f40_41xxx.o(STACK)

    Global Symbols

    Symbol Name                              Value     Ov Type        Size  Object(Section)

    BuildAttributes$$THM_ISAv4$E$P$D$K$B$S$7EM$VFPi3$EXTD16$VFPS$VFMA$PE$A:L22UL41UL21$X:L11$S22US41US21$IEEE1$IW$USESV6$~STKCKD$USESV7$~SHL$OTIME$ROPI$IEEEJ$EBA8$MICROLIB$REQ8$PRES8$EABIv2 0x00000000   Number         0  anon$$obj.o ABSOLUTE
    __ARM_use_no_argv                        0x00000000   Number         0  main.o ABSOLUTE
    __use_no_errno                           0x00000000   Number         0  useno.o ABSOLUTE
    __use_no_exception_handling              0x00000000   Number         0  useno.o ABSOLUTE
    __use_no_fp                              0x00000000   Number         0  useno.o ABSOLUTE
    __use_no_heap                            0x00000000   Number         0  useno.o ABSOLUTE
    __use_no_heap_region                     0x00000000   Number         0  useno.o ABSOLUTE
    __use_no_semihosting                     0x00000000   Number         0  useno.o ABSOLUTE
    __use_no_semihosting_swi                 0x00000000   Number         0  useno.o ABSOLUTE
    __use_no_signal_handling                 0x00000000   Number         0  useno.o ABSOLUTE
    _printf_a                                0x00000000   Number         0  stubs.o ABSOLUTE
    _printf_c                                0x00000000   Number         0  stubs.o ABSOLUTE
    _printf_charcount                        0x00000000   Number         0  stubs.o ABSOLUTE
    _printf_d                                0x00000000   Number         0  stubs.o ABSOLUTE
    _printf_e                                0x00000000   Number         0  stubs.o ABSOLUTE
    _printf_f                                0x00000000   Number         0  stubs.o ABSOLUTE
    _printf_flags                            0x00000000   Number         0  stubs.o ABSOLUTE
    _printf_fp_dec                           0x00000000   Number         0  stubs.o ABSOLUTE
    _printf_fp_hex                           0x00000000   Number         0  stubs.o ABSOLUTE
    _printf_g                                0x00000000   Number         0  stubs.o ABSOLUTE
    _printf_i                                0x00000000   Number         0  stubs.o ABSOLUTE
    _printf_int_dec                          0x00000000   Number         0  stubs.o ABSOLUTE
    _printf_l                                0x00000000   Number         0  stubs.o ABSOLUTE
    _printf_lc                               0x00000000   Number         0  stubs.o ABSOLUTE
    _printf_ll                               0x00000000   Number         0  stubs.o ABSOLUTE
    _printf_lld                              0x00000000   Number         0  stubs.o ABSOLUTE
    _printf_lli                              0x00000000   Number         0  stubs.o ABSOLUTE
    _printf_llo                              0x00000000   Number         0  stubs.o ABSOLUTE
    _printf_llu                              0x00000000   Number         0  stubs.o ABSOLUTE
    _printf_llx                              0x00000000   Number         0  stubs.o ABSOLUTE
    _printf_longlong_dec                     0x00000000   Number         0  stubs.o ABSOLUTE
    _printf_longlong_hex                     0x00000000   Number         0  stubs.o ABSOLUTE
    _printf_longlong_oct                     0x00000000   Number         0  stubs.o ABSOLUTE
    _printf_ls                               0x00000000   Number         0  stubs.o ABSOLUTE
    _printf_mbtowc                           0x00000000   Number         0  stubs.o ABSOLUTE
    _printf_n                                0x00000000   Number         0  stubs.o ABSOLUTE
    _printf_o                                0x00000000   Number         0  stubs.o ABSOLUTE
    _printf_p                                0x00000000   Number         0  stubs.o ABSOLUTE
    _printf_percent                          0x00000000   Number         0  stubs.o ABSOLUTE
    _printf_pre_padding                      0x00000000   Number         0  stubs.o ABSOLUTE
    _printf_return_value                     0x00000000   Number         0  stubs.o ABSOLUTE
    _printf_s                                0x00000000   Number         0  stubs.o ABSOLUTE
    _printf_sizespec                         0x00000000   Number         0  stubs.o ABSOLUTE
    _printf_str                              0x00000000   Number         0  stubs.o ABSOLUTE
    _printf_truncate_signed                  0x00000000   Number         0  stubs.o ABSOLUTE
    _printf_truncate_unsigned                0x00000000   Number         0  stubs.o ABSOLUTE
    _printf_u                                0x00000000   Number         0  stubs.o ABSOLUTE
    _printf_wc                               0x00000000   Number         0  stubs.o ABSOLUTE
    _printf_wctomb                           0x00000000   Number         0  stubs.o ABSOLUTE
    _printf_widthprec                        0x00000000   Number         0  stubs.o ABSOLUTE
    _printf_x                                0x00000000   Number         0  stubs.o ABSOLUTE
    __cpp_initialize__aeabi_                  - Undefined Weak Reference
    __cxa_finalize                            - Undefined Weak Reference
    _clock_init                               - Undefined Weak Reference
    _microlib_exit                            - Undefined Weak Reference
    __Vectors_Size                           0x00000188   Number         0  startup_stm32f40_41xxx.o ABSOLUTE
    __Vectors                                0x08000000   Data           4  startup_stm32f40_41xxx.o(RESET)
    __Vectors_End                            0x08000188   Data           0  startup_stm32f40_41xxx.o(RESET)
    __main                                   0x08000189   Thumb Code     0  entry.o(.ARM.Collect$$$$00000000)
    _main_stk                                0x08000189   Thumb Code     0  entry2.o(.ARM.Collect$$$$00000001)
    _main_scatterload                        0x0800018d   Thumb Code     0  entry5.o(.ARM.Collect$$$$00000004)
    __main_after_scatterload                 0x08000191   Thumb Code     0  entry5.o(.ARM.Collect$$$$00000004)
    _main_clock                              0x08000191   Thumb Code     0  entry7b.o(.ARM.Collect$$$$00000008)
    _main_cpp_init                           0x08000191   Thumb Code     0  entry8b.o(.ARM.Collect$$$$0000000A)
    _main_init                               0x08000191   Thumb Code     0  entry9a.o(.ARM.Collect$$$$0000000B)
    __rt_final_cpp                           0x08000199   Thumb Code     0  entry10a.o(.ARM.Collect$$$$0000000D)
    __rt_final_exit                          0x08000199   Thumb Code     0  entry11a.o(.ARM.Collect$$$$0000000F)
    Reset_Handler                            0x0800019d   Thumb Code     8  startup_stm32f40_41xxx.o(.text)
    ADC_IRQHandler                           0x080001b7   Thumb Code     0  startup_stm32f40_41xxx.o(.text)
    CAN1_RX0_IRQHandler                      0x080001b7   Thumb Code     0  startup_stm32f40_41xxx.o(.text)
    CAN1_RX1_IRQHandler                      0x080001b7   Thumb Code     0  startup_stm32f40_41xxx.o(.text)
    CAN1_SCE_IRQHandler                      0x080001b7   Thumb Code     0  startup_stm32f40_41xxx.o(.text)
    CAN1_TX_IRQHandler                       0x080001b7   Thumb Code     0  startup_stm32f40_41xxx.o(.text)
    CAN2_RX0_IRQHandler                      0x080001b7   Thumb Code     0  startup_stm32f40_41xxx.o(.text)
    CAN2_RX1_IRQHandler                      0x080001b7   Thumb Code     0  startup_stm32f40_41xxx.o(.text)
    CAN2_SCE_IRQHandler                      0x080001b7   Thumb Code     0  startup_stm32f40_41xxx.o(.text)
    CAN2_TX_IRQHandler                       0x080001b7   Thumb Code     0  startup_stm32f40_41xxx.o(.text)
    CRYP_IRQHandler                          0x080001b7   Thumb Code     0  startup_stm32f40_41xxx.o(.text)
    DCMI_IRQHandler                          0x080001b7   Thumb Code     0  startup_stm32f40_41xxx.o(.text)
    DMA1_Stream0_IRQHandler                  0x080001b7   Thumb Code     0  startup_stm32f40_41xxx.o(.text)
    DMA1_Stream1_IRQHandler                  0x080001b7   Thumb Code     0  startup_stm32f40_41xxx.o(.text)
    DMA1_Stream2_IRQHandler                  0x080001b7   Thumb Code     0  startup_stm32f40_41xxx.o(.text)
    DMA1_Stream3_IRQHandler                  0x080001b7   Thumb Code     0  startup_stm32f40_41xxx.o(.text)
    DMA1_Stream4_IRQHandler                  0x080001b7   Thumb Code     0  startup_stm32f40_41xxx.o(.text)
    DMA1_Stream5_IRQHandler                  0x080001b7   Thumb Code     0  startup_stm32f40_41xxx.o(.text)
    DMA1_Stream6_IRQHandler                  0x080001b7   Thumb Code     0  startup_stm32f40_41xxx.o(.text)
    DMA1_Stream7_IRQHandler                  0x080001b7   Thumb Code     0  startup_stm32f40_41xxx.o(.text)
    DMA2_Stream0_IRQHandler                  0x080001b7   Thumb Code     0  startup_stm32f40_41xxx.o(.text)
    DMA2_Stream1_IRQHandler                  0x080001b7   Thumb Code     0  startup_stm32f40_41xxx.o(.text)
    DMA2_Stream2_IRQHandler                  0x080001b7   Thumb Code     0  startup_stm32f40_41xxx.o(.text)
    DMA2_Stream3_IRQHandler                  0x080001b7   Thumb Code     0  startup_stm32f40_41xxx.o(.text)
    DMA2_Stream4_IRQHandler                  0x080001b7   Thumb Code     0  startup_stm32f40_41xxx.o(.text)
    DMA2_Stream5_IRQHandler                  0x080001b7   Thumb Code     0  startup_stm32f40_41xxx.o(.text)
    DMA2_Stream6_IRQHandler                  0x080001b7   Thumb Code     0  startup_stm32f40_41xxx.o(.text)
    DMA2_Stream7_IRQHandler                  0x080001b7   Thumb Code     0  startup_stm32f40_41xxx.o(.text)
    ETH_IRQHandler                           0x080001b7   Thumb Code     0  startup_stm32f40_41xxx.o(.text)
    ETH_WKUP_IRQHandler                      0x080001b7   Thumb Code     0  startup_stm32f40_41xxx.o(.text)
    EXTI0_IRQHandler                         0x080001b7   Thumb Code     0  startup_stm32f40_41xxx.o(.text)
    EXTI15_10_IRQHandler                     0x080001b7   Thumb Code     0  startup_stm32f40_41xxx.o(.text)
    EXTI1_IRQHandler                         0x080001b7   Thumb Code     0  startup_stm32f40_41xxx.o(.text)
    EXTI2_IRQHandler                         0x080001b7   Thumb Code     0  startup_stm32f40_41xxx.o(.text)
    EXTI3_IRQHandler                         0x080001b7   Thumb Code     0  startup_stm32f40_41xxx.o(.text)
    EXTI4_IRQHandler                         0x080001b7   Thumb Code     0  startup_stm32f40_41xxx.o(.text)
    EXTI9_5_IRQHandler                       0x080001b7   Thumb Code     0  startup_stm32f40_41xxx.o(.text)
    FLASH_IRQHandler                         0x080001b7   Thumb Code     0  startup_stm32f40_41xxx.o(.text)
    FPU_IRQHandler                           0x080001b7   Thumb Code     0  startup_stm32f40_41xxx.o(.text)
    FSMC_IRQHandler                          0x080001b7   Thumb Code     0  startup_stm32f40_41xxx.o(.text)
    HASH_RNG_IRQHandler                      0x080001b7   Thumb Code     0  startup_stm32f40_41xxx.o(.text)
    I2C1_ER_IRQHandler                       0x080001b7   Thumb Code     0  startup_stm32f40_41xxx.o(.text)
    I2C1_EV_IRQHandler                       0x080001b7   Thumb Code     0  startup_stm32f40_41xxx.o(.text)
    I2C2_ER_IRQHandler                       0x080001b7   Thumb Code     0  startup_stm32f40_41xxx.o(.text)
    I2C2_EV_IRQHandler                       0x080001b7   Thumb Code     0  startup_stm32f40_41xxx.o(.text)
    I2C3_ER_IRQHandler                       0x080001b7   Thumb Code     0  startup_stm32f40_41xxx.o(.text)
    I2C3_EV_IRQHandler                       0x080001b7   Thumb Code     0  startup_stm32f40_41xxx.o(.text)
    OTG_FS_IRQHandler                        0x080001b7   Thumb Code     0  startup_stm32f40_41xxx.o(.text)
    OTG_FS_WKUP_IRQHandler                   0x080001b7   Thumb Code     0  startup_stm32f40_41xxx.o(.text)
    OTG_HS_EP1_IN_IRQHandler                 0x080001b7   Thumb Code     0  startup_stm32f40_41xxx.o(.text)
    OTG_HS_EP1_OUT_IRQHandler                0x080001b7   Thumb Code     0  startup_stm32f40_41xxx.o(.text)
    OTG_HS_IRQHandler                        0x080001b7   Thumb Code     0  startup_stm32f40_41xxx.o(.text)
    OTG_HS_WKUP_IRQHandler                   0x080001b7   Thumb Code     0  startup_stm32f40_41xxx.o(.text)
    PVD_IRQHandler                           0x080001b7   Thumb Code     0  startup_stm32f40_41xxx.o(.text)
    RCC_IRQHandler                           0x080001b7   Thumb Code     0  startup_stm32f40_41xxx.o(.text)
    RTC_Alarm_IRQHandler                     0x080001b7   Thumb Code     0  startup_stm32f40_41xxx.o(.text)
    RTC_WKUP_IRQHandler                      0x080001b7   Thumb Code     0  startup_stm32f40_41xxx.o(.text)
    SDIO_IRQHandler                          0x080001b7   Thumb Code     0  startup_stm32f40_41xxx.o(.text)
    SPI1_IRQHandler                          0x080001b7   Thumb Code     0  startup_stm32f40_41xxx.o(.text)
    SPI2_IRQHandler                          0x080001b7   Thumb Code     0  startup_stm32f40_41xxx.o(.text)
    SPI3_IRQHandler                          0x080001b7   Thumb Code     0  startup_stm32f40_41xxx.o(.text)
    TAMP_STAMP_IRQHandler                    0x080001b7   Thumb Code     0  startup_stm32f40_41xxx.o(.text)
    TIM1_BRK_TIM9_IRQHandler                 0x080001b7   Thumb Code     0  startup_stm32f40_41xxx.o(.text)
    TIM1_CC_IRQHandler                       0x080001b7   Thumb Code     0  startup_stm32f40_41xxx.o(.text)
    TIM1_TRG_COM_TIM11_IRQHandler            0x080001b7   Thumb Code     0  startup_stm32f40_41xxx.o(.text)
    TIM1_UP_TIM10_IRQHandler                 0x080001b7   Thumb Code     0  startup_stm32f40_41xxx.o(.text)
    TIM2_IRQHandler                          0x080001b7   Thumb Code     0  startup_stm32f40_41xxx.o(.text)
    TIM3_IRQHandler                          0x080001b7   Thumb Code     0  startup_stm32f40_41xxx.o(.text)
    TIM5_IRQHandler                          0x080001b7   Thumb Code     0  startup_stm32f40_41xxx.o(.text)
    TIM6_DAC_IRQHandler                      0x080001b7   Thumb Code     0  startup_stm32f40_41xxx.o(.text)
    TIM7_IRQHandler                          0x080001b7   Thumb Code     0  startup_stm32f40_41xxx.o(.text)
    TIM8_BRK_TIM12_IRQHandler                0x080001b7   Thumb Code     0  startup_stm32f40_41xxx.o(.text)
    TIM8_CC_IRQHandler                       0x080001b7   Thumb Code     0  startup_stm32f40_41xxx.o(.text)
    TIM8_TRG_COM_TIM14_IRQHandler            0x080001b7   Thumb Code     0  startup_stm32f40_41xxx.o(.text)
    TIM8_UP_TIM13_IRQHandler                 0x080001b7   Thumb Code     0  startup_stm32f40_41xxx.o(.text)
    UART4_IRQHandler                         0x080001b7   Thumb Code     0  startup_stm32f40_41xxx.o(.text)
    USART2_IRQHandler                        0x080001b7   Thumb Code     0  startup_stm32f40_41xxx.o(.text)
    USART6_IRQHandler                        0x080001b7   Thumb Code     0  startup_stm32f40_41xxx.o(.text)
    WWDG_IRQHandler                          0x080001b7   Thumb Code     0  startup_stm32f40_41xxx.o(.text)
    __aeabi_memset                           0x080001c1   Thumb Code    14  memseta.o(.text)
    __aeabi_memset4                          0x080001c1   Thumb Code     0  memseta.o(.text)
    __aeabi_memset8                          0x080001c1   Thumb Code     0  memseta.o(.text)
    __aeabi_memclr                           0x080001cf   Thumb Code     4  memseta.o(.text)
    __aeabi_memclr4                          0x080001cf   Thumb Code     0  memseta.o(.text)
    __aeabi_memclr8                          0x080001cf   Thumb Code     0  memseta.o(.text)
    _memset$wrapper                          0x080001d3   Thumb Code    18  memseta.o(.text)
    strlen                                   0x080001e5   Thumb Code    14  strlen.o(.text)
    __aeabi_dadd                             0x080001f3   Thumb Code   322  dadd.o(.text)
    __aeabi_dsub                             0x08000335   Thumb Code     6  dadd.o(.text)
    __aeabi_drsub                            0x0800033b   Thumb Code     6  dadd.o(.text)
    __aeabi_dmul                             0x08000341   Thumb Code   228  dmul.o(.text)
    __aeabi_ddiv                             0x08000425   Thumb Code   222  ddiv.o(.text)
    __aeabi_i2d                              0x08000503   Thumb Code    34  dflti.o(.text)
    __aeabi_d2iz                             0x08000525   Thumb Code    62  dfixi.o(.text)
    __aeabi_d2uiz                            0x08000563   Thumb Code    50  dfixui.o(.text)
    __aeabi_cdcmpeq                          0x08000595   Thumb Code     0  cdcmple.o(.text)
    __aeabi_cdcmple                          0x08000595   Thumb Code    48  cdcmple.o(.text)
    __aeabi_cdrcmple                         0x080005c5   Thumb Code    48  cdrcmple.o(.text)
    __aeabi_d2f                              0x080005f5   Thumb Code    56  d2f.o(.text)
    __aeabi_uldivmod                         0x0800062d   Thumb Code    98  uldiv.o(.text)
    __aeabi_llsl                             0x0800068f   Thumb Code    30  llshl.o(.text)
    _ll_shift_l                              0x0800068f   Thumb Code     0  llshl.o(.text)
    __aeabi_llsr                             0x080006ad   Thumb Code    32  llushr.o(.text)
    _ll_ushift_r                             0x080006ad   Thumb Code     0  llushr.o(.text)
    __aeabi_lasr                             0x080006cd   Thumb Code    36  llsshr.o(.text)
    _ll_sshift_r                             0x080006cd   Thumb Code     0  llsshr.o(.text)
    __strtod_int                             0x08000727   Thumb Code    90  strtod.o(.text)
    __I$use$fp                               0x0800078d   Thumb Code     0  iusefp.o(.text)
    _float_round                             0x0800078d   Thumb Code    18  fepilogue.o(.text)
    _float_epilogue                          0x0800079f   Thumb Code    92  fepilogue.o(.text)
    _double_round                            0x080007fb   Thumb Code    30  depilogue.o(.text)
    _double_epilogue                         0x08000819   Thumb Code   156  depilogue.o(.text)
    __scatterload                            0x080008b5   Thumb Code    28  init.o(.text)
    __scatterload_rt2                        0x080008b5   Thumb Code     0  init.o(.text)
    isspace                                  0x080008d9   Thumb Code    10  isspace_c.o(.text)
    _scanf_real                              0x080009e5   Thumb Code     0  scanf_fp.o(.text)
    _scanf_really_real                       0x080009e5   Thumb Code   556  scanf_fp.o(.text)
    _sgetc                                   0x08000c1d   Thumb Code    30  _sgetc.o(.text)
    _sbackspace                              0x08000c3b   Thumb Code    34  _sgetc.o(.text)
    __ctype_lookup                           0x08000c5d   Thumb Code    34  ctype_c.o(.text)
    __aeabi_ul2d                             0x08000c85   Thumb Code    24  dfltul.o(.text)
    __decompress                             0x08000c9d   Thumb Code     0  __dczerorl2.o(.text)
    __decompress1                            0x08000c9d   Thumb Code    86  __dczerorl2.o(.text)
    All_Init                                 0x08000cf5   Thumb Code   426  all_init.o(i.All_Init)
    BEEP_Init                                0x08000f39   Thumb Code    56  drv_beep.o(i.BEEP_Init)
    BusFault_Handler                         0x08000f75   Thumb Code     4  stm32f4xx_it.o(i.BusFault_Handler)
    CHeck                                    0x08000f79   Thumb Code   324  usart3.o(i.CHeck)
    Control_pitch                            0x080010d9   Thumb Code    96  alg_control.o(i.Control_pitch)
    Control_roll                             0x08001141   Thumb Code    96  alg_control.o(i.Control_roll)
    DataScope_Data_Generate                  0x080011a9   Thumb Code   148  datascope_dp.o(i.DataScope_Data_Generate)
    DataScope_Get_Channel_Data               0x08001241   Thumb Code   162  datascope_dp.o(i.DataScope_Get_Channel_Data)
    DebugMon_Handler                         0x080012e9   Thumb Code     2  stm32f4xx_it.o(i.DebugMon_Handler)
    FSMC_NORSRAMCmd                          0x080012ed   Thumb Code    46  stm32f4xx_fsmc.o(i.FSMC_NORSRAMCmd)
    FSMC_NORSRAMInit                         0x08001321   Thumb Code   230  stm32f4xx_fsmc.o(i.FSMC_NORSRAMInit)
    Float2Byte                               0x08001407   Thumb Code    28  datascope_dp.o(i.Float2Byte)
    GPIO_Init                                0x08001423   Thumb Code   144  stm32f4xx_gpio.o(i.GPIO_Init)
    GPIO_PinAFConfig                         0x080014b3   Thumb Code    70  stm32f4xx_gpio.o(i.GPIO_PinAFConfig)
    GPIO_ResetBits                           0x080014f9   Thumb Code     4  stm32f4xx_gpio.o(i.GPIO_ResetBits)
    GPIO_SetBits                             0x080014fd   Thumb Code     4  stm32f4xx_gpio.o(i.GPIO_SetBits)
    GetTimingTick                            0x08001501   Thumb Code     6  drv_timer.o(i.GetTimingTick)
    HardFault_Handler                        0x0800150d   Thumb Code     4  stm32f4xx_it.o(i.HardFault_Handler)
    KEY_Init                                 0x08001511   Thumb Code    44  drv_key.o(i.KEY_Init)
    LCD_AUTOScan_Dir                         0x08001541   Thumb Code   348  drv_lcd.o(i.LCD_AUTOScan_Dir)
    LCD_Clear                                0x080016b9   Thumb Code    48  drv_lcd.o(i.LCD_Clear)
    LCD_Color_DrawPoint                      0x080016f5   Thumb Code   110  drv_lcd.o(i.LCD_Color_DrawPoint)
    LCD_DisplayChar                          0x08001781   Thumb Code   230  drv_lcd.o(i.LCD_DisplayChar)
    LCD_DisplayNum                           0x08001885   Thumb Code   172  drv_lcd.o(i.LCD_DisplayNum)
    LCD_Display_Dir                          0x08001931   Thumb Code   156  drv_lcd.o(i.LCD_Display_Dir)
    LCD_FSMC_Config                          0x080019e9   Thumb Code   530  drv_lcd.o(i.LCD_FSMC_Config)
    LCD_Init                                 0x08001c0d   Thumb Code  1624  drv_lcd.o(i.LCD_Init)
    LCD_Pow                                  0x08002271   Thumb Code    22  drv_lcd.o(i.LCD_Pow)
    LCD_ReadReg                              0x08002289   Thumb Code    22  drv_lcd.o(i.LCD_ReadReg)
    LCD_SetCursor                            0x080022a5   Thumb Code    96  drv_lcd.o(i.LCD_SetCursor)
    LCD_WriteRAM_Prepare                     0x0800231d   Thumb Code    10  drv_lcd.o(i.LCD_WriteRAM_Prepare)
    LCD_WriteReg                             0x08002331   Thumb Code    10  drv_lcd.o(i.LCD_WriteReg)
    LED_Init                                 0x08002341   Thumb Code    60  drv_led.o(i.LED_Init)
    Main_Contriller                          0x08002771   Thumb Code     8  alg_control.o(i.Main_Contriller)
    MemManage_Handler                        0x08002779   Thumb Code     4  stm32f4xx_it.o(i.MemManage_Handler)
    Motor_pitch                              0x0800277d   Thumb Code   146  alg_control.o(i.Motor_pitch)
    Motor_roll                               0x08002829   Thumb Code   146  alg_control.o(i.Motor_roll)
    NMI_Handler                              0x080028d5   Thumb Code     2  stm32f4xx_it.o(i.NMI_Handler)
    NVIC_Init                                0x080028d9   Thumb Code   106  misc.o(i.NVIC_Init)
    NVIC_PriorityGroupConfig                 0x08002951   Thumb Code    10  misc.o(i.NVIC_PriorityGroupConfig)
    PendSV_Handler                           0x08002965   Thumb Code     2  stm32f4xx_it.o(i.PendSV_Handler)
    Position_Controller                      0x08002969   Thumb Code    60  alg_control.o(i.Position_Controller)
    RCC_AHB1PeriphClockCmd                   0x080029a9   Thumb Code    26  stm32f4xx_rcc.o(i.RCC_AHB1PeriphClockCmd)
    RCC_AHB3PeriphClockCmd                   0x080029c9   Thumb Code    26  stm32f4xx_rcc.o(i.RCC_AHB3PeriphClockCmd)
    RCC_APB1PeriphClockCmd                   0x080029e9   Thumb Code    26  stm32f4xx_rcc.o(i.RCC_APB1PeriphClockCmd)
    RCC_APB2PeriphClockCmd                   0x08002a09   Thumb Code    26  stm32f4xx_rcc.o(i.RCC_APB2PeriphClockCmd)
    RCC_APB2PeriphResetCmd                   0x08002a29   Thumb Code    26  stm32f4xx_rcc.o(i.RCC_APB2PeriphResetCmd)
    RCC_GetClocksFreq                        0x08002a49   Thumb Code   214  stm32f4xx_rcc.o(i.RCC_GetClocksFreq)
    SPI1_Init                                0x08002b31   Thumb Code   186  spi.o(i.SPI1_Init)
    SPI1_ReadWriteByte                       0x08002bf5   Thumb Code    76  spi.o(i.SPI1_ReadWriteByte)
    SPI1_Setclock                            0x08002c45   Thumb Code    36  spi.o(i.SPI1_Setclock)
    SPI_Cmd                                  0x08002c6d   Thumb Code    24  stm32f4xx_spi.o(i.SPI_Cmd)
    SPI_I2S_GetFlagStatus                    0x08002c85   Thumb Code    18  stm32f4xx_spi.o(i.SPI_I2S_GetFlagStatus)
    SPI_I2S_ReceiveData                      0x08002c97   Thumb Code     6  stm32f4xx_spi.o(i.SPI_I2S_ReceiveData)
    SPI_I2S_SendData                         0x08002c9d   Thumb Code     4  stm32f4xx_spi.o(i.SPI_I2S_SendData)
    SPI_Init                                 0x08002ca1   Thumb Code    60  stm32f4xx_spi.o(i.SPI_Init)
    SVC_Handler                              0x08002cdd   Thumb Code     2  stm32f4xx_it.o(i.SVC_Handler)
    Scheduler_Run                            0x08002ce1   Thumb Code    80  gen_scheduler.o(i.Scheduler_Run)
    Set_angle                                0x08002e21   Thumb Code    14  all_init.o(i.Set_angle)
    Set_pidPar_pitch_v                       0x08002e39   Thumb Code    32  all_init.o(i.Set_pidPar_pitch_v)
    Set_pidPar_roll_p                        0x08002e6d   Thumb Code    24  all_init.o(i.Set_pidPar_roll_p)
    Set_pidPar_roll_v                        0x08002e89   Thumb Code    24  all_init.o(i.Set_pidPar_roll_v)
    Set_pidParv_pitch_p                      0x08002ea5   Thumb Code    32  all_init.o(i.Set_pidParv_pitch_p)
    SysTick_CLKSourceConfig                  0x08002ed9   Thumb Code    40  misc.o(i.SysTick_CLKSourceConfig)
    SysTick_Handler                          0x08002f01   Thumb Code     2  stm32f4xx_it.o(i.SysTick_Handler)
    SystemInit                               0x08002f05   Thumb Code    88  system_stm32f4xx.o(i.SystemInit)
    TIM3_PWM_Init                            0x08002f6d   Thumb Code   230  drv_pwm.o(i.TIM3_PWM_Init)
    TIM4_IRQHandler                          0x0800305d   Thumb Code    46  usmart.o(i.TIM4_IRQHandler)
    TIM_ARRPreloadConfig                     0x08003095   Thumb Code    24  stm32f4xx_tim.o(i.TIM_ARRPreloadConfig)
    TIM_ClearFlag                            0x080030ad   Thumb Code     6  stm32f4xx_tim.o(i.TIM_ClearFlag)
    TIM_ClearITPendingBit                    0x080030b3   Thumb Code     6  stm32f4xx_tim.o(i.TIM_ClearITPendingBit)
    TIM_Cmd                                  0x080030b9   Thumb Code    24  stm32f4xx_tim.o(i.TIM_Cmd)
    TIM_GetCounter                           0x080030d1   Thumb Code     6  stm32f4xx_tim.o(i.TIM_GetCounter)
    TIM_GetFlagStatus                        0x080030d7   Thumb Code    18  stm32f4xx_tim.o(i.TIM_GetFlagStatus)
    TIM_GetITStatus                          0x080030e9   Thumb Code    34  stm32f4xx_tim.o(i.TIM_GetITStatus)
    TIM_ITConfig                             0x0800310b   Thumb Code    18  stm32f4xx_tim.o(i.TIM_ITConfig)
    TIM_OC1Init                              0x0800311d   Thumb Code   114  stm32f4xx_tim.o(i.TIM_OC1Init)
    TIM_OC1PreloadConfig                     0x08003199   Thumb Code    18  stm32f4xx_tim.o(i.TIM_OC1PreloadConfig)
    TIM_OC2Init                              0x080031ad   Thumb Code   154  stm32f4xx_tim.o(i.TIM_OC2Init)
    TIM_OC2PreloadConfig                     0x08003251   Thumb Code    26  stm32f4xx_tim.o(i.TIM_OC2PreloadConfig)
    TIM_OC3Init                              0x0800326d   Thumb Code   150  stm32f4xx_tim.o(i.TIM_OC3Init)
    TIM_OC3PreloadConfig                     0x0800330d   Thumb Code    18  stm32f4xx_tim.o(i.TIM_OC3PreloadConfig)
    TIM_OC4Init                              0x08003321   Thumb Code   112  stm32f4xx_tim.o(i.TIM_OC4Init)
    TIM_OC4PreloadConfig                     0x08003399   Thumb Code    26  stm32f4xx_tim.o(i.TIM_OC4PreloadConfig)
    TIM_SetAutoreload                        0x080033b3   Thumb Code     4  stm32f4xx_tim.o(i.TIM_SetAutoreload)
    TIM_SetCompare1                          0x080033b7   Thumb Code     4  stm32f4xx_tim.o(i.TIM_SetCompare1)
    TIM_SetCompare2                          0x080033bb   Thumb Code     4  stm32f4xx_tim.o(i.TIM_SetCompare2)
    TIM_SetCounter                           0x080033bf   Thumb Code     4  stm32f4xx_tim.o(i.TIM_SetCounter)
    TIM_TimeBaseInit                         0x080033c5   Thumb Code   104  stm32f4xx_tim.o(i.TIM_TimeBaseInit)
    Task_SysTick                             0x08003449   Thumb Code   768  drv_timer.o(i.Task_SysTick)
    Timer4_Init                              0x08003799   Thumb Code    86  usmart.o(i.Timer4_Init)
    UART5_IRQHandler                         0x080037f5   Thumb Code   418  usart5.o(i.UART5_IRQHandler)
    USART1_IRQHandler                        0x080039c9   Thumb Code   122  usart.o(i.USART1_IRQHandler)
    USART3_IRQHandler                        0x08003a51   Thumb Code   360  usart3_it.o(i.USART3_IRQHandler)
    USART_ClearFlag                          0x08003bdd   Thumb Code    18  stm32f4xx_usart.o(i.USART_ClearFlag)
    USART_Cmd                                0x08003bef   Thumb Code    24  stm32f4xx_usart.o(i.USART_Cmd)
    USART_GetFlagStatus                      0x08003c07   Thumb Code    26  stm32f4xx_usart.o(i.USART_GetFlagStatus)
    USART_GetITStatus                        0x08003c21   Thumb Code    84  stm32f4xx_usart.o(i.USART_GetITStatus)
    USART_ITConfig                           0x08003c75   Thumb Code    74  stm32f4xx_usart.o(i.USART_ITConfig)
    USART_Init                               0x08003cc1   Thumb Code   204  stm32f4xx_usart.o(i.USART_Init)
    USART_ReceiveData                        0x08003d95   Thumb Code    10  stm32f4xx_usart.o(i.USART_ReceiveData)
    USART_Send                               0x08003d9f   Thumb Code    46  usart3.o(i.USART_Send)
    USART_SendData                           0x08003dcd   Thumb Code     8  stm32f4xx_usart.o(i.USART_SendData)
    USART_send_byte                          0x08003dd5   Thumb Code    26  usart3.o(i.USART_send_byte)
    UsageFault_Handler                       0x08003df5   Thumb Code     4  stm32f4xx_it.o(i.UsageFault_Handler)
    W25QXX_Init                              0x08003df9   Thumb Code    74  w25qxx.o(i.W25QXX_Init)
    W25QXX_ReadID                            0x08003e51   Thumb Code    64  w25qxx.o(i.W25QXX_ReadID)
    __0printf$8                              0x08003e99   Thumb Code    22  printf8.o(i.__0printf$8)
    __1printf$8                              0x08003e99   Thumb Code     0  printf8.o(i.__0printf$8)
    __2printf                                0x08003e99   Thumb Code     0  printf8.o(i.__0printf$8)
    __hardfp_atof                            0x08003eb9   Thumb Code    44  atof.o(i.__hardfp_atof)
    __read_errno                             0x08003ef1   Thumb Code     6  errno.o(i.__read_errno)
    __scatterload_copy                       0x08003efd   Thumb Code    14  handlers.o(i.__scatterload_copy)
    __scatterload_null                       0x08003f0b   Thumb Code     2  handlers.o(i.__scatterload_null)
    __scatterload_zeroinit                   0x08003f0d   Thumb Code    14  handlers.o(i.__scatterload_zeroinit)
    __set_errno                              0x08003f1d   Thumb Code     6  errno.o(i.__set_errno)
    _is_digit                                0x08003f29   Thumb Code    14  scanf_fp.o(i._is_digit)
    delay_init                               0x0800439d   Thumb Code    52  delay.o(i.delay_init)
    delay_ms                                 0x080043d9   Thumb Code    56  delay.o(i.delay_ms)
    delay_us                                 0x08004411   Thumb Code    72  delay.o(i.delay_us)
    delay_xms                                0x0800445d   Thumb Code    72  delay.o(i.delay_xms)
    dev_SysTick_init                         0x080044a9   Thumb Code    64  drv_timer.o(i.dev_SysTick_init)
    fputc                                    0x080044e9   Thumb Code    22  usart.o(i.fputc)
    main                                     0x08004519   Thumb Code    66  main.o(i.main)
    mode                                     0x08004569   Thumb Code   164  alg_control.o(i.mode)
    pid_pitch_p                              0x08004615   Thumb Code   450  alg_pid.o(i.pid_pitch_p)
    pid_roll_p                               0x08004811   Thumb Code   428  alg_pid.o(i.pid_roll_p)
    pit_pitct_v                              0x080049f5   Thumb Code   378  alg_pid.o(i.pit_pitct_v)
    pit_roll_v                               0x08004ba5   Thumb Code   342  alg_pid.o(i.pit_roll_v)
    printf_s                                 0x08004d29   Thumb Code   372  usart5.o(i.printf_s)
    put_s                                    0x08004e9d   Thumb Code    22  usart5.o(i.put_s)
    putchar_s                                0x08004eb5   Thumb Code    28  usart5.o(i.putchar_s)
    pwm_out1                                 0x08004ed5   Thumb Code    36  drv_pwm.o(i.pwm_out1)
    read_addr                                0x08004f05   Thumb Code     6  usmart.o(i.read_addr)
    send_out                                 0x08004f0b   Thumb Code   120  usart3.o(i.send_out)
    str_cut                                  0x08004f85   Thumb Code   242  usart5.o(i.str_cut)
    uart2_init                               0x0800507d   Thumb Code   124  usart2.o(i.uart2_init)
    uart5_init                               0x08005101   Thumb Code   188  usart5.o(i.uart5_init)
    uart_init                                0x080051c9   Thumb Code   164  usart.o(i.uart_init)
    usmart_cmd_rec                           0x08005275   Thumb Code   170  usmart.o(i.usmart_cmd_rec)
    usmart_exe                               0x08005325   Thumb Code   632  usmart.o(i.usmart_exe)
    usmart_get_aparm                         0x080055f9   Thumb Code   200  usmart_str.o(i.usmart_get_aparm)
    usmart_get_cmdname                       0x080056c1   Thumb Code    54  usmart_str.o(i.usmart_get_cmdname)
    usmart_get_fname                         0x080056f9   Thumb Code   440  usmart_str.o(i.usmart_get_fname)
    usmart_get_fparam                        0x080058b9   Thumb Code   262  usmart_str.o(i.usmart_get_fparam)
    usmart_get_parmpos                       0x080059c5   Thumb Code    26  usmart_str.o(i.usmart_get_parmpos)
    usmart_get_runtime                       0x080059e5   Thumb Code    60  usmart.o(i.usmart_get_runtime)
    usmart_init                              0x08005a29   Thumb Code    36  usmart.o(i.usmart_init)
    usmart_pow                               0x08005a51   Thumb Code    22  usmart_str.o(i.usmart_pow)
    usmart_reset_runtime                     0x08005a69   Thumb Code    38  usmart.o(i.usmart_reset_runtime)
    usmart_scan                              0x08005a99   Thumb Code   120  usmart.o(i.usmart_scan)
    usmart_search_nextc                      0x08005b55   Thumb Code    22  usmart_str.o(i.usmart_search_nextc)
    usmart_str2num                           0x08005b6b   Thumb Code   202  usmart_str.o(i.usmart_str2num)
    usmart_strcmp                            0x08005c35   Thumb Code    34  usmart_str.o(i.usmart_strcmp)
    usmart_strcopy                           0x08005c57   Thumb Code    22  usmart_str.o(i.usmart_strcopy)
    usmart_strlen                            0x08005c6d   Thumb Code    24  usmart_str.o(i.usmart_strlen)
    usmart_sys_cmd_exe                       0x08005c85   Thumb Code  1554  usmart.o(i.usmart_sys_cmd_exe)
    write_addr                               0x08006369   Thumb Code     4  usmart.o(i.write_addr)
    char_1206                                0x0800636c   Data        1140  drv_lcd.o(.constdata)
    char_1608                                0x080067e0   Data        1520  drv_lcd.o(.constdata)
    char_2412                                0x08006dd0   Data        3420  drv_lcd.o(.constdata)
    __ctype_categories                       0x08007b2c   Data          64  ctype_c.o(.constdata)
    Region$$Table$$Base                      0x08007d10   Number         0  anon$$obj.o(Region$$Table)
    Region$$Table$$Limit                     0x08007d30   Number         0  anon$$obj.o(Region$$Table)
    x                                        0x20000000   Data           1  gen_scheduler.o(.data)
    last_y                                   0x20000008   Data           8  gen_scheduler.o(.data)
    last_x                                   0x20000010   Data           8  gen_scheduler.o(.data)
    vY                                       0x20000018   Data           8  gen_scheduler.o(.data)
    vX                                       0x20000020   Data           8  gen_scheduler.o(.data)
    time                                     0x20000028   Data           4  gen_scheduler.o(.data)
    basePoint                                0x20000070   Data           4  gen_structconfig.o(.data)
    Pwm1                                     0x20000074   Data           4  gen_structconfig.o(.data)
    Pwm2                                     0x20000078   Data           4  gen_structconfig.o(.data)
    angleTestp                               0x20000080   Data           8  gen_structconfig.o(.data)
    angleTestr                               0x20000088   Data           8  gen_structconfig.o(.data)
    kpTest                                   0x20000090   Data           8  gen_structconfig.o(.data)
    tiTest                                   0x20000098   Data           8  gen_structconfig.o(.data)
    tdTest                                   0x200000a0   Data           8  gen_structconfig.o(.data)
    limitingMaxTest                          0x200000a8   Data           8  gen_structconfig.o(.data)
    limitingMinTest                          0x200000b0   Data           8  gen_structconfig.o(.data)
    pwmPitch                                 0x200000b8   Data           4  gen_structconfig.o(.data)
    pwmRoll                                  0x200000bc   Data           4  gen_structconfig.o(.data)
    ROLL                                     0x200000c0   Data           2  gen_structconfig.o(.data)
    PITCH                                    0x200000c2   Data           2  gen_structconfig.o(.data)
    YAW                                      0x200000c4   Data           2  gen_structconfig.o(.data)
    rpy                                      0x200000c6   Data           6  gen_structconfig.o(.data)
    Acc                                      0x200000cc   Data           6  gen_structconfig.o(.data)
    Gyr                                      0x200000d2   Data           6  gen_structconfig.o(.data)
    Mag                                      0x200000d8   Data           6  gen_structconfig.o(.data)
    Q                                        0x200000de   Data           8  gen_structconfig.o(.data)
    g_TimingTick                             0x200000e8   Data           4  drv_timer.o(.data)
    g_TimingTickOld                          0x200000ec   Data           4  drv_timer.o(.data)
    BRUSH_COLOR                              0x200000f0   Data           2  drv_lcd.o(.data)
    BACK_COLOR                               0x200000f2   Data           2  drv_lcd.o(.data)
    lcd_id                                   0x200000f4   Data           2  drv_lcd.o(.data)
    dir_flag                                 0x200000f6   Data           1  drv_lcd.o(.data)
    lcd_width                                0x200000f8   Data           2  drv_lcd.o(.data)
    lcd_height                               0x200000fa   Data           2  drv_lcd.o(.data)
    write_gramcmd                            0x200000fc   Data           2  drv_lcd.o(.data)
    setxcmd                                  0x200000fe   Data           2  drv_lcd.o(.data)
    setycmd                                  0x20000100   Data           2  drv_lcd.o(.data)
    W25QXX_ID                                0x20000102   Data           2  w25qxx.o(.data)
    __stdout                                 0x20000118   Data           4  usart.o(.data)
    USART_RX_STA                             0x2000011c   Data           2  usart.o(.data)
    stata_reg                                0x2000011e   Data           1  usart3.o(.data)
    data1_buf                                0x2000011f   Data           7  usart3.o(.data)
    data2_buf                                0x20000126   Data           7  usart3.o(.data)
    data3_buf                                0x2000012d   Data           7  usart3.o(.data)
    data4_buf                                0x20000134   Data           7  usart3.o(.data)
    sys_cmd_tab                              0x20000148   Data          28  usmart.o(.data)
    usmart_nametab                           0x20000164   Data          80  usmart_config.o(.data)
    usmart_dev                               0x200001b4   Data         244  usmart_config.o(.data)
    flag                                     0x200002f0   Data          12  gen_structconfig.o(.bss)
    attitude                                 0x20000300   Data          48  gen_structconfig.o(.bss)
    ballPoint                                0x20000330   Data          16  gen_structconfig.o(.bss)
    Target_Position                          0x20000340   Data          72  gen_structconfig.o(.bss)
    AllPidParameter                          0x20000388   Data         320  gen_structconfig.o(.bss)
    data_buf                                 0x200004c8   Data           9  gen_structconfig.o(.bss)
    DataScope_OutPut_Buffer                  0x200004d1   Data          42  datascope_dp.o(.bss)
    USART_RX_BUF                             0x200004fb   Data         200  usart.o(.bss)
    data5_buf                                0x200005c3   Data           9  usart3.o(.bss)
    k                                        0x200005e0   Data          32  usart5.o(.bss)
    __initial_sp                             0x20000f90   Data           0  startup_stm32f40_41xxx.o(STACK)



==============================================================================

Memory Map of the image

  Image Entry point : 0x08000189

  Load Region LR_IROM1 (Base: 0x08000000, Size: 0x00007fdc, Max: 0x00100000, ABSOLUTE, COMPRESSED[0x00007dd4])

    Execution Region ER_IROM1 (Base: 0x08000000, Size: 0x00007d30, Max: 0x00100000, ABSOLUTE)

    Base Addr    Size         Type   Attr      Idx    E Section Name        Object

    0x08000000   0x00000188   Data   RO         1343    RESET               startup_stm32f40_41xxx.o
    0x08000188   0x00000000   Code   RO         3963  * .ARM.Collect$$$$00000000  mc_w.l(entry.o)
    0x08000188   0x00000004   Code   RO         4251    .ARM.Collect$$$$00000001  mc_w.l(entry2.o)
    0x0800018c   0x00000004   Code   RO         4254    .ARM.Collect$$$$00000004  mc_w.l(entry5.o)
    0x08000190   0x00000000   Code   RO         4256    .ARM.Collect$$$$00000008  mc_w.l(entry7b.o)
    0x08000190   0x00000000   Code   RO         4258    .ARM.Collect$$$$0000000A  mc_w.l(entry8b.o)
    0x08000190   0x00000008   Code   RO         4259    .ARM.Collect$$$$0000000B  mc_w.l(entry9a.o)
    0x08000198   0x00000000   Code   RO         4261    .ARM.Collect$$$$0000000D  mc_w.l(entry10a.o)
    0x08000198   0x00000000   Code   RO         4263    .ARM.Collect$$$$0000000F  mc_w.l(entry11a.o)
    0x08000198   0x00000004   Code   RO         4252    .ARM.Collect$$$$00002712  mc_w.l(entry2.o)
    0x0800019c   0x00000024   Code   RO         1344    .text               startup_stm32f40_41xxx.o
    0x080001c0   0x00000024   Code   RO         3966    .text               mc_w.l(memseta.o)
    0x080001e4   0x0000000e   Code   RO         3968    .text               mc_w.l(strlen.o)
    0x080001f2   0x0000014e   Code   RO         4231    .text               mf_w.l(dadd.o)
    0x08000340   0x000000e4   Code   RO         4233    .text               mf_w.l(dmul.o)
    0x08000424   0x000000de   Code   RO         4235    .text               mf_w.l(ddiv.o)
    0x08000502   0x00000022   Code   RO         4239    .text               mf_w.l(dflti.o)
    0x08000524   0x0000003e   Code   RO         4241    .text               mf_w.l(dfixi.o)
    0x08000562   0x00000032   Code   RO         4243    .text               mf_w.l(dfixui.o)
    0x08000594   0x00000030   Code   RO         4245    .text               mf_w.l(cdcmple.o)
    0x080005c4   0x00000030   Code   RO         4247    .text               mf_w.l(cdrcmple.o)
    0x080005f4   0x00000038   Code   RO         4249    .text               mf_w.l(d2f.o)
    0x0800062c   0x00000062   Code   RO         4267    .text               mc_w.l(uldiv.o)
    0x0800068e   0x0000001e   Code   RO         4269    .text               mc_w.l(llshl.o)
    0x080006ac   0x00000020   Code   RO         4271    .text               mc_w.l(llushr.o)
    0x080006cc   0x00000024   Code   RO         4273    .text               mc_w.l(llsshr.o)
    0x080006f0   0x0000009c   Code   RO         4282    .text               mc_w.l(strtod.o)
    0x0800078c   0x00000000   Code   RO         4284    .text               mc_w.l(iusefp.o)
    0x0800078c   0x0000006e   Code   RO         4285    .text               mf_w.l(fepilogue.o)
    0x080007fa   0x000000ba   Code   RO         4287    .text               mf_w.l(depilogue.o)
    0x080008b4   0x00000024   Code   RO         4291    .text               mc_w.l(init.o)
    0x080008d8   0x0000000a   Code   RO         4293    .text               mc_w.l(isspace_c.o)
    0x080008e2   0x00000002   PAD
    0x080008e4   0x00000338   Code   RO         4295    .text               mc_w.l(scanf_fp.o)
    0x08000c1c   0x00000040   Code   RO         4299    .text               mc_w.l(_sgetc.o)
    0x08000c5c   0x00000028   Code   RO         4301    .text               mc_w.l(ctype_c.o)
    0x08000c84   0x00000018   Code   RO         4304    .text               mf_w.l(dfltul.o)
    0x08000c9c   0x00000056   Code   RO         4314    .text               mc_w.l(__dczerorl2.o)
    0x08000cf2   0x00000002   PAD
    0x08000cf4   0x00000244   Code   RO          520    i.All_Init          all_init.o
    0x08000f38   0x0000003c   Code   RO          640    i.BEEP_Init         drv_beep.o
    0x08000f74   0x00000004   Code   RO          219    i.BusFault_Handler  stm32f4xx_it.o
    0x08000f78   0x00000160   Code   RO         3612    i.CHeck             usart3.o
    0x080010d8   0x00000068   Code   RO          437    i.Control_pitch     alg_control.o
    0x08001140   0x00000068   Code   RO          438    i.Control_roll      alg_control.o
    0x080011a8   0x00000098   Code   RO         1311    i.DataScope_Data_Generate  datascope_dp.o
    0x08001240   0x000000a8   Code   RO         1312    i.DataScope_Get_Channel_Data  datascope_dp.o
    0x080012e8   0x00000002   Code   RO          220    i.DebugMon_Handler  stm32f4xx_it.o
    0x080012ea   0x00000002   PAD
    0x080012ec   0x00000034   Code   RO         1726    i.FSMC_NORSRAMCmd   stm32f4xx_fsmc.o
    0x08001320   0x000000e6   Code   RO         1728    i.FSMC_NORSRAMInit  stm32f4xx_fsmc.o
    0x08001406   0x0000001c   Code   RO         1313    i.Float2Byte        datascope_dp.o
    0x08001422   0x00000090   Code   RO         1847    i.GPIO_Init         stm32f4xx_gpio.o
    0x080014b2   0x00000046   Code   RO         1848    i.GPIO_PinAFConfig  stm32f4xx_gpio.o
    0x080014f8   0x00000004   Code   RO         1854    i.GPIO_ResetBits    stm32f4xx_gpio.o
    0x080014fc   0x00000004   Code   RO         1855    i.GPIO_SetBits      stm32f4xx_gpio.o
    0x08001500   0x0000000c   Code   RO          660    i.GetTimingTick     drv_timer.o
    0x0800150c   0x00000004   Code   RO          221    i.HardFault_Handler  stm32f4xx_it.o
    0x08001510   0x00000030   Code   RO          695    i.KEY_Init          drv_key.o
    0x08001540   0x00000178   Code   RO          727    i.LCD_AUTOScan_Dir  drv_lcd.o
    0x080016b8   0x0000003c   Code   RO          729    i.LCD_Clear         drv_lcd.o
    0x080016f4   0x0000008c   Code   RO          730    i.LCD_Color_DrawPoint  drv_lcd.o
    0x08001780   0x00000104   Code   RO          731    i.LCD_DisplayChar   drv_lcd.o
    0x08001884   0x000000ac   Code   RO          732    i.LCD_DisplayNum    drv_lcd.o
    0x08001930   0x000000b8   Code   RO          738    i.LCD_Display_Dir   drv_lcd.o
    0x080019e8   0x00000224   Code   RO          744    i.LCD_FSMC_Config   drv_lcd.o
    0x08001c0c   0x00000664   Code   RO          747    i.LCD_Init          drv_lcd.o
    0x08002270   0x00000016   Code   RO          748    i.LCD_Pow           drv_lcd.o
    0x08002286   0x00000002   PAD
    0x08002288   0x0000001c   Code   RO          749    i.LCD_ReadReg       drv_lcd.o
    0x080022a4   0x00000078   Code   RO          750    i.LCD_SetCursor     drv_lcd.o
    0x0800231c   0x00000014   Code   RO          752    i.LCD_WriteRAM_Prepare  drv_lcd.o
    0x08002330   0x00000010   Code   RO          753    i.LCD_WriteReg      drv_lcd.o
    0x08002340   0x00000040   Code   RO          919    i.LED_Init          drv_led.o
    0x08002380   0x000001c0   Code   RO          570    i.Loop_300Hz        gen_scheduler.o
    0x08002540   0x0000009c   Code   RO          571    i.Loop_30Hz         gen_scheduler.o
    0x080025dc   0x00000018   Code   RO          572    i.Loop_500Hz        gen_scheduler.o
    0x080025f4   0x0000017c   Code   RO          573    i.Loop_50Hz         gen_scheduler.o
    0x08002770   0x00000008   Code   RO          439    i.Main_Contriller   alg_control.o
    0x08002778   0x00000004   Code   RO          222    i.MemManage_Handler  stm32f4xx_it.o
    0x0800277c   0x000000ac   Code   RO          441    i.Motor_pitch       alg_control.o
    0x08002828   0x000000ac   Code   RO          442    i.Motor_roll        alg_control.o
    0x080028d4   0x00000002   Code   RO          223    i.NMI_Handler       stm32f4xx_it.o
    0x080028d6   0x00000002   PAD
    0x080028d8   0x00000078   Code   RO         1350    i.NVIC_Init         misc.o
    0x08002950   0x00000014   Code   RO         1351    i.NVIC_PriorityGroupConfig  misc.o
    0x08002964   0x00000002   Code   RO          224    i.PendSV_Handler    stm32f4xx_it.o
    0x08002966   0x00000002   PAD
    0x08002968   0x00000040   Code   RO          443    i.Position_Controller  alg_control.o
    0x080029a8   0x00000020   Code   RO         2168    i.RCC_AHB1PeriphClockCmd  stm32f4xx_rcc.o
    0x080029c8   0x00000020   Code   RO         2174    i.RCC_AHB3PeriphClockCmd  stm32f4xx_rcc.o
    0x080029e8   0x00000020   Code   RO         2177    i.RCC_APB1PeriphClockCmd  stm32f4xx_rcc.o
    0x08002a08   0x00000020   Code   RO         2180    i.RCC_APB2PeriphClockCmd  stm32f4xx_rcc.o
    0x08002a28   0x00000020   Code   RO         2182    i.RCC_APB2PeriphResetCmd  stm32f4xx_rcc.o
    0x08002a48   0x000000e8   Code   RO         2189    i.RCC_GetClocksFreq  stm32f4xx_rcc.o
    0x08002b30   0x000000c4   Code   RO         1170    i.SPI1_Init         spi.o
    0x08002bf4   0x00000050   Code   RO         1171    i.SPI1_ReadWriteByte  spi.o
    0x08002c44   0x00000028   Code   RO         1172    i.SPI1_Setclock     spi.o
    0x08002c6c   0x00000018   Code   RO         2508    i.SPI_Cmd           stm32f4xx_spi.o
    0x08002c84   0x00000012   Code   RO         2516    i.SPI_I2S_GetFlagStatus  stm32f4xx_spi.o
    0x08002c96   0x00000006   Code   RO         2519    i.SPI_I2S_ReceiveData  stm32f4xx_spi.o
    0x08002c9c   0x00000004   Code   RO         2520    i.SPI_I2S_SendData  stm32f4xx_spi.o
    0x08002ca0   0x0000003c   Code   RO         2521    i.SPI_Init          stm32f4xx_spi.o
    0x08002cdc   0x00000002   Code   RO          225    i.SVC_Handler       stm32f4xx_it.o
    0x08002cde   0x00000002   PAD
    0x08002ce0   0x00000054   Code   RO          574    i.Scheduler_Run     gen_scheduler.o
    0x08002d34   0x000000ec   Code   RO          316    i.SetSysClock       system_stm32f4xx.o
    0x08002e20   0x00000018   Code   RO          521    i.Set_angle         all_init.o
    0x08002e38   0x00000034   Code   RO          522    i.Set_pidPar_pitch_v  all_init.o
    0x08002e6c   0x0000001c   Code   RO          523    i.Set_pidPar_roll_p  all_init.o
    0x08002e88   0x0000001c   Code   RO          524    i.Set_pidPar_roll_v  all_init.o
    0x08002ea4   0x00000034   Code   RO          525    i.Set_pidParv_pitch_p  all_init.o
    0x08002ed8   0x00000028   Code   RO         1354    i.SysTick_CLKSourceConfig  misc.o
    0x08002f00   0x00000002   Code   RO          226    i.SysTick_Handler   stm32f4xx_it.o
    0x08002f02   0x00000002   PAD
    0x08002f04   0x00000068   Code   RO          318    i.SystemInit        system_stm32f4xx.o
    0x08002f6c   0x000000f0   Code   RO          939    i.TIM3_PWM_Init     drv_pwm.o
    0x0800305c   0x00000038   Code   RO         3774    i.TIM4_IRQHandler   usmart.o
    0x08003094   0x00000018   Code   RO         2726    i.TIM_ARRPreloadConfig  stm32f4xx_tim.o
    0x080030ac   0x00000006   Code   RO         2732    i.TIM_ClearFlag     stm32f4xx_tim.o
    0x080030b2   0x00000006   Code   RO         2733    i.TIM_ClearITPendingBit  stm32f4xx_tim.o
    0x080030b8   0x00000018   Code   RO         2738    i.TIM_Cmd           stm32f4xx_tim.o
    0x080030d0   0x00000006   Code   RO         2757    i.TIM_GetCounter    stm32f4xx_tim.o
    0x080030d6   0x00000012   Code   RO         2758    i.TIM_GetFlagStatus  stm32f4xx_tim.o
    0x080030e8   0x00000022   Code   RO         2759    i.TIM_GetITStatus   stm32f4xx_tim.o
    0x0800310a   0x00000012   Code   RO         2763    i.TIM_ITConfig      stm32f4xx_tim.o
    0x0800311c   0x0000007c   Code   RO         2767    i.TIM_OC1Init       stm32f4xx_tim.o
    0x08003198   0x00000012   Code   RO         2770    i.TIM_OC1PreloadConfig  stm32f4xx_tim.o
    0x080031aa   0x00000002   PAD
    0x080031ac   0x000000a4   Code   RO         2772    i.TIM_OC2Init       stm32f4xx_tim.o
    0x08003250   0x0000001a   Code   RO         2775    i.TIM_OC2PreloadConfig  stm32f4xx_tim.o
    0x0800326a   0x00000002   PAD
    0x0800326c   0x000000a0   Code   RO         2777    i.TIM_OC3Init       stm32f4xx_tim.o
    0x0800330c   0x00000012   Code   RO         2780    i.TIM_OC3PreloadConfig  stm32f4xx_tim.o
    0x0800331e   0x00000002   PAD
    0x08003320   0x00000078   Code   RO         2782    i.TIM_OC4Init       stm32f4xx_tim.o
    0x08003398   0x0000001a   Code   RO         2784    i.TIM_OC4PreloadConfig  stm32f4xx_tim.o
    0x080033b2   0x00000004   Code   RO         2798    i.TIM_SetAutoreload  stm32f4xx_tim.o
    0x080033b6   0x00000004   Code   RO         2800    i.TIM_SetCompare1   stm32f4xx_tim.o
    0x080033ba   0x00000004   Code   RO         2801    i.TIM_SetCompare2   stm32f4xx_tim.o
    0x080033be   0x00000004   Code   RO         2804    i.TIM_SetCounter    stm32f4xx_tim.o
    0x080033c2   0x00000002   PAD
    0x080033c4   0x00000084   Code   RO         2810    i.TIM_TimeBaseInit  stm32f4xx_tim.o
    0x08003448   0x00000350   Code   RO          661    i.Task_SysTick      drv_timer.o
    0x08003798   0x0000005c   Code   RO         3775    i.Timer4_Init       usmart.o
    0x080037f4   0x000001d4   Code   RO         3698    i.UART5_IRQHandler  usart5.o
    0x080039c8   0x00000088   Code   RO         3563    i.USART1_IRQHandler  usart.o
    0x08003a50   0x0000018c   Code   RO         3672    i.USART3_IRQHandler  usart3_it.o
    0x08003bdc   0x00000012   Code   RO         3284    i.USART_ClearFlag   stm32f4xx_usart.o
    0x08003bee   0x00000018   Code   RO         3288    i.USART_Cmd         stm32f4xx_usart.o
    0x08003c06   0x0000001a   Code   RO         3291    i.USART_GetFlagStatus  stm32f4xx_usart.o
    0x08003c20   0x00000054   Code   RO         3292    i.USART_GetITStatus  stm32f4xx_usart.o
    0x08003c74   0x0000004a   Code   RO         3294    i.USART_ITConfig    stm32f4xx_usart.o
    0x08003cbe   0x00000002   PAD
    0x08003cc0   0x000000d4   Code   RO         3295    i.USART_Init        stm32f4xx_usart.o
    0x08003d94   0x0000000a   Code   RO         3302    i.USART_ReceiveData  stm32f4xx_usart.o
    0x08003d9e   0x0000002e   Code   RO         3613    i.USART_Send        usart3.o
    0x08003dcc   0x00000008   Code   RO         3305    i.USART_SendData    stm32f4xx_usart.o
    0x08003dd4   0x00000020   Code   RO         3615    i.USART_send_byte   usart3.o
    0x08003df4   0x00000004   Code   RO          227    i.UsageFault_Handler  stm32f4xx_it.o
    0x08003df8   0x00000058   Code   RO         1204    i.W25QXX_Init       w25qxx.o
    0x08003e50   0x00000048   Code   RO         1208    i.W25QXX_ReadID     w25qxx.o
    0x08003e98   0x00000020   Code   RO         4177    i.__0printf$8       mc_w.l(printf8.o)
    0x08003eb8   0x00000038   Code   RO         3957    i.__hardfp_atof     m_wm.l(atof.o)
    0x08003ef0   0x0000000c   Code   RO         4276    i.__read_errno      mc_w.l(errno.o)
    0x08003efc   0x0000000e   Code   RO         4308    i.__scatterload_copy  mc_w.l(handlers.o)
    0x08003f0a   0x00000002   Code   RO         4309    i.__scatterload_null  mc_w.l(handlers.o)
    0x08003f0c   0x0000000e   Code   RO         4310    i.__scatterload_zeroinit  mc_w.l(handlers.o)
    0x08003f1a   0x00000002   PAD
    0x08003f1c   0x0000000c   Code   RO         4277    i.__set_errno       mc_w.l(errno.o)
    0x08003f28   0x0000000e   Code   RO         4297    i._is_digit         mc_w.l(scanf_fp.o)
    0x08003f36   0x00000002   PAD
    0x08003f38   0x00000410   Code   RO         4184    i._printf_core      mc_w.l(printf8.o)
    0x08004348   0x00000024   Code   RO         4185    i._printf_post_padding  mc_w.l(printf8.o)
    0x0800436c   0x0000002e   Code   RO         4186    i._printf_pre_padding  mc_w.l(printf8.o)
    0x0800439a   0x00000002   PAD
    0x0800439c   0x0000003c   Code   RO         3472    i.delay_init        delay.o
    0x080043d8   0x00000038   Code   RO         3473    i.delay_ms          delay.o
    0x08004410   0x0000004c   Code   RO         3474    i.delay_us          delay.o
    0x0800445c   0x0000004c   Code   RO         3475    i.delay_xms         delay.o
    0x080044a8   0x00000040   Code   RO          662    i.dev_SysTick_init  drv_timer.o
    0x080044e8   0x0000001c   Code   RO         3565    i.fputc             usart.o
    0x08004504   0x00000014   Code   RO         3700    i.m_pow             usart5.o
    0x08004518   0x00000050   Code   RO            3    i.main              main.o
    0x08004568   0x000000ac   Code   RO          444    i.mode              alg_control.o
    0x08004614   0x000001fc   Code   RO          391    i.pid_pitch_p       alg_pid.o
    0x08004810   0x000001e4   Code   RO          392    i.pid_roll_p        alg_pid.o
    0x080049f4   0x000001b0   Code   RO          393    i.pit_pitct_v       alg_pid.o
    0x08004ba4   0x00000184   Code   RO          394    i.pit_roll_v        alg_pid.o
    0x08004d28   0x00000174   Code   RO         3701    i.printf_s          usart5.o
    0x08004e9c   0x00000016   Code   RO         3702    i.put_s             usart5.o
    0x08004eb2   0x00000002   PAD
    0x08004eb4   0x00000020   Code   RO         3703    i.putchar_s         usart5.o
    0x08004ed4   0x00000030   Code   RO          940    i.pwm_out1          drv_pwm.o
    0x08004f04   0x00000006   Code   RO         3776    i.read_addr         usmart.o
    0x08004f0a   0x00000078   Code   RO         3617    i.send_out          usart3.o
    0x08004f82   0x00000002   PAD
    0x08004f84   0x000000f8   Code   RO         3704    i.str_cut           usart5.o
    0x0800507c   0x00000084   Code   RO         3530    i.uart2_init        usart2.o
    0x08005100   0x000000c8   Code   RO         3705    i.uart5_init        usart5.o
    0x080051c8   0x000000ac   Code   RO         3566    i.uart_init         usart.o
    0x08005274   0x000000b0   Code   RO         3777    i.usmart_cmd_rec    usmart.o
    0x08005324   0x000002d4   Code   RO         3778    i.usmart_exe        usmart.o
    0x080055f8   0x000000c8   Code   RO         3879    i.usmart_get_aparm  usmart_str.o
    0x080056c0   0x00000036   Code   RO         3880    i.usmart_get_cmdname  usmart_str.o
    0x080056f6   0x00000002   PAD
    0x080056f8   0x000001c0   Code   RO         3881    i.usmart_get_fname  usmart_str.o
    0x080058b8   0x0000010c   Code   RO         3882    i.usmart_get_fparam  usmart_str.o
    0x080059c4   0x00000020   Code   RO         3883    i.usmart_get_parmpos  usmart_str.o
    0x080059e4   0x00000044   Code   RO         3779    i.usmart_get_runtime  usmart.o
    0x08005a28   0x00000028   Code   RO         3780    i.usmart_init       usmart.o
    0x08005a50   0x00000016   Code   RO         3884    i.usmart_pow        usmart_str.o
    0x08005a66   0x00000002   PAD
    0x08005a68   0x00000030   Code   RO         3781    i.usmart_reset_runtime  usmart.o
    0x08005a98   0x000000bc   Code   RO         3782    i.usmart_scan       usmart.o
    0x08005b54   0x00000016   Code   RO         3885    i.usmart_search_nextc  usmart_str.o
    0x08005b6a   0x000000ca   Code   RO         3886    i.usmart_str2num    usmart_str.o
    0x08005c34   0x00000022   Code   RO         3887    i.usmart_strcmp     usmart_str.o
    0x08005c56   0x00000016   Code   RO         3888    i.usmart_strcopy    usmart_str.o
    0x08005c6c   0x00000018   Code   RO         3889    i.usmart_strlen     usmart_str.o
    0x08005c84   0x000006e4   Code   RO         3783    i.usmart_sys_cmd_exe  usmart.o
    0x08006368   0x00000004   Code   RO         3784    i.write_addr        usmart.o
    0x0800636c   0x000017c0   Data   RO          755    .constdata          drv_lcd.o
    0x08007b2c   0x00000040   Data   RO         4302    .constdata          mc_w.l(ctype_c.o)
    0x08007b6c   0x00000028   Data   RO         3785    .conststring        usmart.o
    0x08007b94   0x00000179   Data   RO         3858    .conststring        usmart_config.o
    0x08007d0d   0x00000003   PAD
    0x08007d10   0x00000020   Data   RO         4306    Region$$Table       anon$$obj.o


    Execution Region RW_IRAM2 (Base: 0x10000000, Size: 0x00000000, Max: 0x00010000, ABSOLUTE)

    **** No section assigned to this execution region ****


    Execution Region RW_IRAM1 (Base: 0x20000000, Size: 0x00000f90, Max: 0x00020000, ABSOLUTE, COMPRESSED[0x000000a4])

    Base Addr    Size         Type   Attr      Idx    E Section Name        Object

    0x20000000   0x0000006a   Data   RW          576    .data               gen_scheduler.o
    0x2000006a   0x00000006   PAD
    0x20000070   0x00000076   Data   RW          619    .data               gen_structconfig.o
    0x200000e6   0x00000002   PAD
    0x200000e8   0x00000008   Data   RW          663    .data               drv_timer.o
    0x200000f0   0x00000012   Data   RW          756    .data               drv_lcd.o
    0x20000102   0x00000002   Data   RW         1218    .data               w25qxx.o
    0x20000104   0x00000010   Data   RW         2221    .data               stm32f4xx_rcc.o
    0x20000114   0x00000004   Data   RW         3476    .data               delay.o
    0x20000118   0x00000006   Data   RW         3568    .data               usart.o
    0x2000011e   0x0000001d   Data   RW         3620    .data               usart3.o
    0x2000013b   0x00000001   Data   RW         3674    .data               usart3_it.o
    0x2000013c   0x0000000c   Data   RW         3707    .data               usart5.o
    0x20000148   0x0000001c   Data   RW         3786    .data               usmart.o
    0x20000164   0x00000144   Data   RW         3859    .data               usmart_config.o
    0x200002a8   0x00000004   Data   RW         4278    .data               mc_w.l(errno.o)
    0x200002ac   0x00000004   PAD
    0x200002b0   0x00000040   Zero   RW          575    .bss                gen_scheduler.o
    0x200002f0   0x000001e1   Zero   RW          618    .bss                gen_structconfig.o
    0x200004d1   0x0000002a   Zero   RW         1314    .bss                datascope_dp.o
    0x200004fb   0x000000c8   Zero   RW         3567    .bss                usart.o
    0x200005c3   0x00000009   Zero   RW         3619    .bss                usart3.o
    0x200005cc   0x0000000d   Zero   RW         3673    .bss                usart3_it.o
    0x200005d9   0x00000007   PAD
    0x200005e0   0x000005b0   Zero   RW         3706    .bss                usart5.o
    0x20000b90   0x00000400   Zero   RW         1341    STACK               startup_stm32f40_41xxx.o


==============================================================================

Image component sizes


      Code (inc. data)   RO Data    RW Data    ZI Data      Debug   Object Name

       796         80          0          0          0       4497   alg_control.o
      1812        214          0          0          0       3994   alg_pid.o
       764        212          0          0          0       4046   all_init.o
       348         34          0          0         42       2870   datascope_dp.o
       268         16          0          4          0       2535   delay.o
        60          4          0          0          0        556   drv_beep.o
        48          4          0          0          0        543   drv_key.o
      3582        240       6080         18          0      11243   drv_lcd.o
        64          4          0          0          0        547   drv_led.o
       288         22          0          0          0       1439   drv_pwm.o
       924         86          0          8          0       2481   drv_timer.o
      1092         78          0        106         64       3653   gen_scheduler.o
         0          0          0        118        481       1468   gen_structconfig.o
        80         14          0          0          0     300383   main.o
       180         24          0          0          0       2081   misc.o
       316         18          0          0          0       1945   spi.o
        36          8        392          0       1024        832   startup_stm32f40_41xxx.o
       282          6          0          0          0       1825   stm32f4xx_fsmc.o
       222          0          0          0          0       2887   stm32f4xx_gpio.o
        26          0          0          0          0       4094   stm32f4xx_it.o
       392         48          0         16          0       5817   stm32f4xx_rcc.o
       112          0          0          0          0       3510   stm32f4xx_spi.o
       940         66          0          0          0      13631   stm32f4xx_tim.o
       456          8          0          0          0       6071   stm32f4xx_usart.o
       340         32          0          0          0       1485   system_stm32f4xx.o
       336         28          0          6        200       3772   usart.o
       132          8          0          0          0        697   usart2.o
       550         34          0         29          9       3836   usart3.o
       396         36          0          1         13        728   usart3_it.o
      1362         72          0         12       1456       6201   usart5.o
      3166       1332         40         28          0       8010   usmart.o
         0          0        377        324          0       1564   usmart_config.o
      1328         20          0          0          0       8913   usmart_str.o
       160         22          0          2          0       1840   w25qxx.o

    ----------------------------------------------------------------------
     20888       2770       6924        680       3296     419994   Object Totals
         0          0         32          0          0          0   (incl. Generated)
        30          0          3          8          7          0   (incl. Padding)

    ----------------------------------------------------------------------

      Code (inc. data)   RO Data    RW Data    ZI Data      Debug   Library Member Name

        56         12          0          0          0        132   atof.o
        86          0          0          0          0          0   __dczerorl2.o
        64          0          0          0          0         84   _sgetc.o
        40          6         64          0          0         68   ctype_c.o
         0          0          0          0          0          0   entry.o
         0          0          0          0          0          0   entry10a.o
         0          0          0          0          0          0   entry11a.o
         8          4          0          0          0          0   entry2.o
         4          0          0          0          0          0   entry5.o
         0          0          0          0          0          0   entry7b.o
         0          0          0          0          0          0   entry8b.o
         8          4          0          0          0          0   entry9a.o
        24         12          0          4          0        136   errno.o
        30          0          0          0          0          0   handlers.o
        36          8          0          0          0         68   init.o
        10          0          0          0          0         68   isspace_c.o
         0          0          0          0          0          0   iusefp.o
        30          0          0          0          0         68   llshl.o
        36          0          0          0          0         68   llsshr.o
        32          0          0          0          0         68   llushr.o
        36          0          0          0          0        108   memseta.o
      1154         54          0          0          0        352   printf8.o
       838         12          0          0          0        216   scanf_fp.o
        14          0          0          0          0         68   strlen.o
       156         12          0          0          0        120   strtod.o
        98          0          0          0          0         92   uldiv.o
        48          0          0          0          0         68   cdcmple.o
        48          0          0          0          0         68   cdrcmple.o
        56          0          0          0          0         88   d2f.o
       334          0          0          0          0        148   dadd.o
       222          0          0          0          0        100   ddiv.o
       186          0          0          0          0        176   depilogue.o
        62          0          0          0          0         80   dfixi.o
        50          0          0          0          0         76   dfixui.o
        34          0          0          0          0         76   dflti.o
        24          0          0          0          0         76   dfltul.o
       228          0          0          0          0         96   dmul.o
       110          0          0          0          0        168   fepilogue.o

    ----------------------------------------------------------------------
      4172        124         64          4          4       2936   Library Totals
        10          0          0          0          4          0   (incl. Padding)

    ----------------------------------------------------------------------

      Code (inc. data)   RO Data    RW Data    ZI Data      Debug   Library Name

        56         12          0          0          0        132   m_wm.l
      2704        112         64          4          0       1584   mc_w.l
      1402          0          0          0          0       1220   mf_w.l

    ----------------------------------------------------------------------
      4172        124         64          4          4       2936   Library Totals

    ----------------------------------------------------------------------

==============================================================================


      Code (inc. data)   RO Data    RW Data    ZI Data      Debug   

     25060       2894       6988        684       3300     407310   Grand Totals
     25060       2894       6988        164       3300     407310   ELF Image Totals (compressed)
     25060       2894       6988        164          0          0   ROM Totals

==============================================================================

    Total RO  Size (Code + RO Data)                32048 (  31.30kB)
    Total RW  Size (RW Data + ZI Data)              3984 (   3.89kB)
    Total ROM Size (Code + RO Data + RW Data)      32212 (  31.46kB)

==============================================================================

